Archive member included to satisfy reference by file (symbol)

C:/ST/STM32CubeIDE_2.0.0/STM32CubeIDE/plugins/com.st.stm32cube.ide.mcu.externaltools.gnu-tools-for-stm32.14.3.rel1.win32_1.0.100.202602081740/tools/bin/../lib/gcc/arm-none-eabi/14.3.1/../../../../arm-none-eabi/lib/thumb/v7e-m+fp/hard\libc_nano.a(libc_a-exit.o)
                              C:/ST/STM32CubeIDE_2.0.0/STM32CubeIDE/plugins/com.st.stm32cube.ide.mcu.externaltools.gnu-tools-for-stm32.14.3.rel1.win32_1.0.100.202602081740/tools/bin/../lib/gcc/arm-none-eabi/14.3.1/../../../../arm-none-eabi/lib/thumb/v7e-m+fp/hard/crt0.o (exit)
C:/ST/STM32CubeIDE_2.0.0/STM32CubeIDE/plugins/com.st.stm32cube.ide.mcu.externaltools.gnu-tools-for-stm32.14.3.rel1.win32_1.0.100.202602081740/tools/bin/../lib/gcc/arm-none-eabi/14.3.1/../../../../arm-none-eabi/lib/thumb/v7e-m+fp/hard\libc_nano.a(libc_a-nano-vfprintf_float.o)
                              (_printf_float)
C:/ST/STM32CubeIDE_2.0.0/STM32CubeIDE/plugins/com.st.stm32cube.ide.mcu.externaltools.gnu-tools-for-stm32.14.3.rel1.win32_1.0.100.202602081740/tools/bin/../lib/gcc/arm-none-eabi/14.3.1/../../../../arm-none-eabi/lib/thumb/v7e-m+fp/hard\libc_nano.a(libc_a-nano-vfprintf_i.o)
                              C:/ST/STM32CubeIDE_2.0.0/STM32CubeIDE/plugins/com.st.stm32cube.ide.mcu.externaltools.gnu-tools-for-stm32.14.3.rel1.win32_1.0.100.202602081740/tools/bin/../lib/gcc/arm-none-eabi/14.3.1/../../../../arm-none-eabi/lib/thumb/v7e-m+fp/hard\libc_nano.a(libc_a-nano-vfprintf_float.o) (_printf_common)
C:/ST/STM32CubeIDE_2.0.0/STM32CubeIDE/plugins/com.st.stm32cube.ide.mcu.externaltools.gnu-tools-for-stm32.14.3.rel1.win32_1.0.100.202602081740/tools/bin/../lib/gcc/arm-none-eabi/14.3.1/../../../../arm-none-eabi/lib/thumb/v7e-m+fp/hard\libc_nano.a(libc_a-findfp.o)
                              ./Middlewares/Third_Party/FreeRTOS/Source/tasks.o (__sf)
C:/ST/STM32CubeIDE_2.0.0/STM32CubeIDE/plugins/com.st.stm32cube.ide.mcu.externaltools.gnu-tools-for-stm32.14.3.rel1.win32_1.0.100.202602081740/tools/bin/../lib/gcc/arm-none-eabi/14.3.1/../../../../arm-none-eabi/lib/thumb/v7e-m+fp/hard\libc_nano.a(libc_a-fwalk.o)
                              C:/ST/STM32CubeIDE_2.0.0/STM32CubeIDE/plugins/com.st.stm32cube.ide.mcu.externaltools.gnu-tools-for-stm32.14.3.rel1.win32_1.0.100.202602081740/tools/bin/../lib/gcc/arm-none-eabi/14.3.1/../../../../arm-none-eabi/lib/thumb/v7e-m+fp/hard\libc_nano.a(libc_a-findfp.o) (_fwalk_sglue)
C:/ST/STM32CubeIDE_2.0.0/STM32CubeIDE/plugins/com.st.stm32cube.ide.mcu.externaltools.gnu-tools-for-stm32.14.3.rel1.win32_1.0.100.202602081740/tools/bin/../lib/gcc/arm-none-eabi/14.3.1/../../../../arm-none-eabi/lib/thumb/v7e-m+fp/hard\libc_nano.a(libc_a-sprintf.o)
                              ./Core/Src/main.o (sprintf)
C:/ST/STM32CubeIDE_2.0.0/STM32CubeIDE/plugins/com.st.stm32cube.ide.mcu.externaltools.gnu-tools-for-stm32.14.3.rel1.win32_1.0.100.202602081740/tools/bin/../lib/gcc/arm-none-eabi/14.3.1/../../../../arm-none-eabi/lib/thumb/v7e-m+fp/hard\libc_nano.a(libc_a-stdio.o)
                              C:/ST/STM32CubeIDE_2.0.0/STM32CubeIDE/plugins/com.st.stm32cube.ide.mcu.externaltools.gnu-tools-for-stm32.14.3.rel1.win32_1.0.100.202602081740/tools/bin/../lib/gcc/arm-none-eabi/14.3.1/../../../../arm-none-eabi/lib/thumb/v7e-m+fp/hard\libc_nano.a(libc_a-findfp.o) (__sread)
C:/ST/STM32CubeIDE_2.0.0/STM32CubeIDE/plugins/com.st.stm32cube.ide.mcu.externaltools.gnu-tools-for-stm32.14.3.rel1.win32_1.0.100.202602081740/tools/bin/../lib/gcc/arm-none-eabi/14.3.1/../../../../arm-none-eabi/lib/thumb/v7e-m+fp/hard\libc_nano.a(libc_a-memset.o)
                              C:/ST/STM32CubeIDE_2.0.0/STM32CubeIDE/plugins/com.st.stm32cube.ide.mcu.externaltools.gnu-tools-for-stm32.14.3.rel1.win32_1.0.100.202602081740/tools/bin/../lib/gcc/arm-none-eabi/14.3.1/../../../../arm-none-eabi/lib/thumb/v7e-m+fp/hard/crt0.o (memset)
C:/ST/STM32CubeIDE_2.0.0/STM32CubeIDE/plugins/com.st.stm32cube.ide.mcu.externaltools.gnu-tools-for-stm32.14.3.rel1.win32_1.0.100.202602081740/tools/bin/../lib/gcc/arm-none-eabi/14.3.1/../../../../arm-none-eabi/lib/thumb/v7e-m+fp/hard\libc_nano.a(libc_a-localeconv.o)
                              C:/ST/STM32CubeIDE_2.0.0/STM32CubeIDE/plugins/com.st.stm32cube.ide.mcu.externaltools.gnu-tools-for-stm32.14.3.rel1.win32_1.0.100.202602081740/tools/bin/../lib/gcc/arm-none-eabi/14.3.1/../../../../arm-none-eabi/lib/thumb/v7e-m+fp/hard\libc_nano.a(libc_a-nano-vfprintf_float.o) (_localeconv_r)
C:/ST/STM32CubeIDE_2.0.0/STM32CubeIDE/plugins/com.st.stm32cube.ide.mcu.externaltools.gnu-tools-for-stm32.14.3.rel1.win32_1.0.100.202602081740/tools/bin/../lib/gcc/arm-none-eabi/14.3.1/../../../../arm-none-eabi/lib/thumb/v7e-m+fp/hard\libc_nano.a(libc_a-closer.o)
[...]
Memory Configuration

Name             Origin             Length             Attributes
RAM              0x20000000         0x00020000         xrw
FLASH            0x08000000         0x00080000         xr
*default*        0x00000000         0xffffffff

Linker script and memory map

LOAD C:/ST/STM32CubeIDE_2.0.0/STM32CubeIDE/plugins/com.st.stm32cube.ide.mcu.externaltools.gnu-tools-for-stm32.14.3.rel1.win32_1.0.100.202602081740/tools/bin/../lib/gcc/arm-none-eabi/14.3.1/thumb/v7e-m+fp/hard/crti.o
LOAD C:/ST/STM32CubeIDE_2.0.0/STM32CubeIDE/plugins/com.st.stm32cube.ide.mcu.externaltools.gnu-tools-for-stm32.14.3.rel1.win32_1.0.100.202602081740/tools/bin/../lib/gcc/arm-none-eabi/14.3.1/thumb/v7e-m+fp/hard/crtbegin.o
LOAD C:/ST/STM32CubeIDE_2.0.0/STM32CubeIDE/plugins/com.st.stm32cube.ide.mcu.externaltools.gnu-tools-for-stm32.14.3.rel1.win32_1.0.100.202602081740/tools/bin/../lib/gcc/arm-none-eabi/14.3.1/../../../../arm-none-eabi/lib/thumb/v7e-m+fp/hard/crt0.o
LOAD ./Core/Src/bme280.o
LOAD ./Core/Src/bme280_helper.o
LOAD ./Core/Src/freertos.o
LOAD ./Core/Src/low_power.o
LOAD ./Core/Src/main.o
LOAD ./Core/Src/rtc_helper.o
LOAD ./Core/Src/ssd1306.o
LOAD ./Core/Src/ssd1306_fonts.o
LOAD ./Core/Src/stm32f4xx_hal_msp.o
LOAD ./Core/Src/stm32f4xx_hal_timebase_tim.o
LOAD ./Core/Src/stm32f4xx_it.o
LOAD ./Core/Src/syscalls.o
LOAD ./Core/Src/sysmem.o
LOAD ./Core/Src/system_stm32f4xx.o
LOAD ./Core/Startup/startup_stm32f446retx.o
LOAD ./Drivers/STM32F4xx_HAL_Driver/Src/stm32f4xx_hal.o
LOAD ./Drivers/STM32F4xx_HAL_Driver/Src/stm32f4xx_hal_cortex.o
LOAD ./Drivers/STM32F4xx_HAL_Driver/Src/stm32f4xx_hal_dma.o
LOAD ./Drivers/STM32F4xx_HAL_Driver/Src/stm32f4xx_hal_dma_ex.o
LOAD ./Drivers/STM32F4xx_HAL_Driver/Src/stm32f4xx_hal_exti.o
LOAD ./Drivers/STM32F4xx_HAL_Driver/Src/stm32f4xx_hal_flash.o
LOAD ./Drivers/STM32F4xx_HAL_Driver/Src/stm32f4xx_hal_flash_ex.o
LOAD ./Drivers/STM32F4xx_HAL_Driver/Src/stm32f4xx_hal_flash_ramfunc.o
LOAD ./Drivers/STM32F4xx_HAL_Driver/Src/stm32f4xx_hal_gpio.o
LOAD ./Drivers/STM32F4xx_HAL_Driver/Src/stm32f4xx_hal_i2c.o
LOAD ./Drivers/STM32F4xx_HAL_Driver/Src/stm32f4xx_hal_i2c_ex.o
LOAD ./Drivers/STM32F4xx_HAL_Driver/Src/stm32f4xx_hal_iwdg.o
LOAD ./Drivers/STM32F4xx_HAL_Driver/Src/stm32f4xx_hal_pwr.o
LOAD ./Drivers/STM32F4xx_HAL_Driver/Src/stm32f4xx_hal_pwr_ex.o
LOAD ./Drivers/STM32F4xx_HAL_Driver/Src/stm32f4xx_hal_rcc.o
LOAD ./Drivers/STM32F4xx_HAL_Driver/Src/stm32f4xx_hal_rcc_ex.o
LOAD ./Drivers/STM32F4xx_HAL_Driver/Src/stm32f4xx_hal_tim.o
LOAD ./Drivers/STM32F4xx_HAL_Driver/Src/stm32f4xx_hal_tim_ex.o
LOAD ./Drivers/STM32F4xx_HAL_Driver/Src/stm32f4xx_hal_uart.o
LOAD ./Middlewares/Third_Party/FreeRTOS/Source/CMSIS_RTOS_V2/cmsis_os2.o
LOAD ./Middlewares/Third_Party/FreeRTOS/Source/croutine.o
LOAD ./Middlewares/Third_Party/FreeRTOS/Source/event_groups.o
LOAD ./Middlewares/Third_Party/FreeRTOS/Source/list.o
LOAD ./Middlewares/Third_Party/FreeRTOS/Source/queue.o
LOAD ./Middlewares/Third_Party/FreeRTOS/Source/stream_buffer.o
LOAD ./Middlewares/Third_Party/FreeRTOS/Source/tasks.o
LOAD ./Middlewares/Third_Party/FreeRTOS/Source/timers.o
LOAD ./Middlewares/Third_Party/FreeRTOS/Source/portable/GCC/ARM_CM4F/port.o
LOAD ./Middlewares/Third_Party/FreeRTOS/Source/portable/MemMang/heap_4.o
START GROUP
LOAD C:/ST/STM32CubeIDE_2.0.0/STM32CubeIDE/plugins/com.st.stm32cube.ide.mcu.externaltools.gnu-tools-for-stm32.14.3.rel1.win32_1.0.100.202602081740/tools/bin/../lib/gcc/arm-none-eabi/14.3.1/../../../../arm-none-eabi/lib/thumb/v7e-m+fp/hard\libc_nano.a
LOAD C:/ST/STM32CubeIDE_2.0.0/STM32CubeIDE/plugins/com.st.stm32cube.ide.mcu.externaltools.gnu-tools-for-stm32.14.3.rel1.win32_1.0.100.202602081740/tools/bin/../lib/gcc/arm-none-eabi/14.3.1/../../../../arm-none-eabi/lib/thumb/v7e-m+fp/hard\libm.a
END GROUP
START GROUP
LOAD C:/ST/STM32CubeIDE_2.0.0/STM32CubeIDE/plugins/com.st.stm32cube.ide.mcu.externaltools.gnu-tools-for-stm32.14.3.rel1.win32_1.0.100.202602081740/tools/bin/../lib/gcc/arm-none-eabi/14.3.1/thumb/v7e-m+fp/hard\libgcc.a
LOAD C:/ST/STM32CubeIDE_2.0.0/STM32CubeIDE/plugins/com.st.stm32cube.ide.mcu.externaltools.gnu-tools-for-stm32.14.3.rel1.win32_1.0.100.202602081740/tools/bin/../lib/gcc/arm-none-eabi/14.3.1/../../../../arm-none-eabi/lib/thumb/v7e-m+fp/hard\libc_nano.a
END GROUP
START GROUP
LOAD C:/ST/STM32CubeIDE_2.0.0/STM32CubeIDE/plugins/com.st.stm32cube.ide.mcu.externaltools.gnu-tools-for-stm32.14.3.rel1.win32_1.0.100.202602081740/tools/bin/../lib/gcc/arm-none-eabi/14.3.1/thumb/v7e-m+fp/hard\libgcc.a
LOAD C:/ST/STM32CubeIDE_2.0.0/STM32CubeIDE/plugins/com.st.stm32cube.ide.mcu.externaltools.gnu-tools-for-stm32.14.3.rel1.win32_1.0.100.202602081740/tools/bin/../lib/gcc/arm-none-eabi/14.3.1/../../../../arm-none-eabi/lib/thumb/v7e-m+fp/hard\libc_nano.a
LOAD C:/ST/STM32CubeIDE_2.0.0/STM32CubeIDE/plugins/com.st.stm32cube.ide.mcu.externaltools.gnu-tools-for-stm32.14.3.rel1.win32_1.0.100.202602081740/tools/bin/../lib/gcc/arm-none-eabi/14.3.1/../../../../arm-none-eabi/lib/thumb/v7e-m+fp/hard\libnosys.a
END GROUP
START GROUP
LOAD C:/ST/STM32CubeIDE_2.0.0/STM32CubeIDE/plugins/com.st.stm32cube.ide.mcu.externaltools.gnu-tools-for-stm32.14.3.rel1.win32_1.0.100.202602081740/tools/bin/../lib/gcc/arm-none-eabi/14.3.1/thumb/v7e-m+fp/hard\libgcc.a
LOAD C:/ST/STM32CubeIDE_2.0.0/STM32CubeIDE/plugins/com.st.stm32cube.ide.mcu.externaltools.gnu-tools-for-stm32.14.3.rel1.win32_1.0.100.202602081740/tools/bin/../lib/gcc/arm-none-eabi/14.3.1/../../../../arm-none-eabi/lib/thumb/v7e-m+fp/hard\libc_nano.a
LOAD C:/ST/STM32CubeIDE_2.0.0/STM32CubeIDE/plugins/com.st.stm32cube.ide.mcu.externaltools.gnu-tools-for-stm32.14.3.rel1.win32_1.0.100.202602081740/tools/bin/../lib/gcc/arm-none-eabi/14.3.1/../../../../arm-none-eabi/lib/thumb/v7e-m+fp/hard\libnosys.a
END GROUP
LOAD C:/ST/STM32CubeIDE_2.0.0/STM32CubeIDE/plugins/com.st.stm32cube.ide.mcu.externaltools.gnu-tools-for-stm32.14.3.rel1.win32_1.0.100.202602081740/tools/bin/../lib/gcc/arm-none-eabi/14.3.1/thumb/v7e-m+fp/hard/crtend.o
LOAD C:/ST/STM32CubeIDE_2.0.0/STM32CubeIDE/plugins/com.st.stm32cube.ide.mcu.externaltools.gnu-tools-for-stm32.14.3.rel1.win32_1.0.100.202602081740/tools/bin/../lib/gcc/arm-none-eabi/14.3.1/thumb/v7e-m+fp/hard/crtn.o
                0x20020000                        _estack = (ORIGIN (RAM) + LENGTH (RAM))
                0x00000200                        _Min_Heap_Size = 0x200
                0x00000400                        _Min_Stack_Size = 0x400

.isr_vector     0x08000000      0x1c4
                0x08000000                        . = ALIGN (0x4)
 *(.isr_vector)
 .isr_vector    0x08000000      0x1c4 ./Core/Startup/startup_stm32f446retx.o
                0x08000000                g_pfnVectors
                0x080001c4                        . = ALIGN (0x4)

.text           0x080001d0     0xc850
                0x080001d0                        . = ALIGN (0x4)
 *(.text)
 .text          0x080001d0       0x40 C:/ST/STM32CubeIDE_2.0.0/STM32CubeIDE/plugins/com.st.stm32cube.ide.mcu.externaltools.gnu-tools-for-stm32.14.3.rel1.win32_1.0.100.202602081740/tools/bin/../lib/gcc/arm-none-eabi/14.3.1/thumb/v7e-m+fp/hard/crtbegin.o
 .text          0x08000210       0xa0 C:/ST/STM32CubeIDE_2.0.0/STM32CubeIDE/plugins/com.st.stm32cube.ide.mcu.externaltools.gnu-tools-for-stm32.14.3.rel1.win32_1.0.100.202602081740/tools/bin/../lib/gcc/arm-none-eabi/14.3.1/../../../../arm-none-eabi/lib/thumb/v7e-m+fp/hard\libc_nano.a(libc_a-memchr.o)
                0x08000210                memchr
 .text          0x080002b0       0x10 C:/ST/STM32CubeIDE_2.0.0/STM32CubeIDE/plugins/com.st.stm32cube.ide.mcu.externaltools.gnu-tools-for-stm32.14.3.rel1.win32_1.0.100.202602081740/tools/bin/../lib/gcc/arm-none-eabi/14.3.1/../../../../arm-none-eabi/lib/thumb/v7e-m+fp/hard\libc_nano.a(libc_a-strlen.o)
                0x080002b0                strlen
 .text          0x080002c0      0x378 C:/ST/STM32CubeIDE_2.0.0/STM32CubeIDE/plugins/com.st.stm32cube.ide.mcu.externaltools.gnu-tools-for-stm32.14.3.rel1.win32_1.0.100.202602081740/tools/bin/../lib/gcc/arm-none-eabi/14.3.1/thumb/v7e-m+fp/hard\libgcc.a(_arm_addsubdf3.o)
                0x080002c0                __aeabi_drsub
                0x080002c8                __aeabi_dsub
                0x080002c8                __subdf3
                0x080002cc                __aeabi_dadd
                0x080002cc                __adddf3
                0x08000544                __floatunsidf
                0x08000544                __aeabi_ui2d
                0x08000564                __floatsidf
                0x08000564                __aeabi_i2d
                0x08000588                __aeabi_f2d
                0x08000588                __extendsfdf2
                0x080005cc                __floatundidf
                0x080005cc                __aeabi_ul2d
                0x080005dc                __floatdidf
                0x080005dc                __aeabi_l2d
 .text          0x08000638      0x424 C:/ST/STM32CubeIDE_2.0.0/STM32CubeIDE/plugins/com.st.stm32cube.ide.mcu.externaltools.gnu-tools-for-stm32.14.3.rel1.win32_1.0.100.202602081740/tools/bin/../lib/gcc/arm-none-eabi/14.3.1/thumb/v7e-m+fp/hard\libgcc.a(_arm_muldivdf3.o)
                0x08000638                __aeabi_dmul
                0x08000638                __muldf3
                0x0800088c                __divdf3
                0x0800088c                __aeabi_ddiv
 .text          0x08000a5c      0x110 C:/ST/STM32CubeIDE_2.0.0/STM32CubeIDE/plugins/com.st.stm32cube.ide.mcu.externaltools.gnu-tools-for-stm32.14.3.rel1.win32_1.0.100.202602081740/tools/bin/../lib/gcc/arm-none-eabi/14.3.1/thumb/v7e-m+fp/hard\libgcc.a(_arm_cmpdf2.o)
                0x08000a5c                __gtdf2
                0x08000a5c                __gedf2
                0x08000a64                __ltdf2
                0x08000a64                __ledf2
                0x08000a6c                __nedf2
                0x08000a6c                __eqdf2
                0x08000a6c                __cmpdf2
                0x08000ae8                __aeabi_cdrcmple
                0x08000af8                __aeabi_cdcmpeq
                0x08000af8                __aeabi_cdcmple
                0x08000b08                __aeabi_dcmpeq
                0x08000b1c                __aeabi_dcmplt
                0x08000b30                __aeabi_dcmple
                0x08000b44                __aeabi_dcmpge
                0x08000b58                __aeabi_dcmpgt
 .text          0x08000b6c       0x2c C:/ST/STM32CubeIDE_2.0.0/STM32CubeIDE/plugins/com.st.stm32cube.ide.mcu.externaltools.gnu-tools-for-stm32.14.3.rel1.win32_1.0.100.202602081740/tools/bin/../lib/gcc/arm-none-eabi/14.3.1/thumb/v7e-m+fp/hard\libgcc.a(_arm_unorddf2.o)
                0x08000b6c                __unorddf2
                0x08000b6c                __aeabi_dcmpun
 .text          0x08000b98       0x50 C:/ST/STM32CubeIDE_2.0.0/STM32CubeIDE/plugins/com.st.stm32cube.ide.mcu.externaltools.gnu-tools-for-stm32.14.3.rel1.win32_1.0.100.202602081740/tools/bin/../lib/gcc/arm-none-eabi/14.3.1/thumb/v7e-m+fp/hard\libgcc.a(_arm_fixdfsi.o)
                0x08000b98                __aeabi_d2iz
                0x08000b98                __fixdfsi
 .text          0x08000be8       0xa0 C:/ST/STM32CubeIDE_2.0.0/STM32CubeIDE/plugins/com.st.stm32cube.ide.mcu.externaltools.gnu-tools-for-stm32.14.3.rel1.win32_1.0.100.202602081740/tools/bin/../lib/gcc/arm-none-eabi/14.3.1/thumb/v7e-m+fp/hard\libgcc.a(_arm_truncdfsf2.o)
                0x08000be8                __truncdfsf2
                0x08000be8                __aeabi_d2f
 .text          0x08000c88       0x30 C:/ST/STM32CubeIDE_2.0.0/STM32CubeIDE/plugins/com.st.stm32cube.ide.mcu.externaltools.gnu-tools-for-stm32.14.3.rel1.win32_1.0.100.202602081740/tools/bin/../lib/gcc/arm-none-eabi/14.3.1/thumb/v7e-m+fp/hard\libgcc.a(_aeabi_uldivmod.o)
                0x08000c88                __aeabi_uldivmod
 .text          0x08000cb8      0x2f8 C:/ST/STM32CubeIDE_2.0.0/STM32CubeIDE/plugins/com.st.stm32cube.ide.mcu.externaltools.gnu-tools-for-stm32.14.3.rel1.win32_1.0.100.202602081740/tools/bin/../lib/gcc/arm-none-eabi/14.3.1/thumb/v7e-m+fp/hard\libgcc.a(_udivmoddi4.o)
                0x08000cb8                __udivmoddi4
 .text          0x08000fb0        0x4 C:/ST/STM32CubeIDE_2.0.0/STM32CubeIDE/plugins/com.st.stm32cube.ide.mcu.externaltools.gnu-tools-for-stm32.14.3.rel1.win32_1.0.100.202602081740/tools/bin/../lib/gcc/arm-none-eabi/14.3.1/thumb/v7e-m+fp/hard\libgcc.a(_dvmd_tls.o)
                0x08000fb0                __aeabi_idiv0
                0x08000fb0                __aeabi_ldiv0
 *(.text*)
 .text.bme280_init
                0x08000fb4       0x60 ./Core/Src/bme280.o
                0x08000fb4                bme280_init
 .text.bme280_get_regs
                0x08001014       0x70 ./Core/Src/bme280.o
                0x08001014                bme280_get_regs
 .text.bme280_set_regs
                0x08001084       0xe4 ./Core/Src/bme280.o
                0x08001084                bme280_set_regs
 .text.bme280_set_sensor_settings
                0x08001168       0x9e ./Core/Src/bme280.o
                0x08001168                bme280_set_sensor_settings
 .text.bme280_get_sensor_settings
                0x08001206       0x48 ./Core/Src/bme280.o
                0x08001206                bme280_get_sensor_settings
 .text.bme280_set_sensor_mode
                0x0800124e       0x56 ./Core/Src/bme280.o
                0x0800124e                bme280_set_sensor_mode
 .text.bme280_get_sensor_mode
                0x080012a4       0x40 ./Core/Src/bme280.o
                0x080012a4                bme280_get_sensor_mode
 .text.bme280_soft_reset
                0x080012e4       0x8c ./Core/Src/bme280.o
                0x080012e4                bme280_soft_reset
 .text.bme280_get_sensor_data
                0x08001370       0x80 ./Core/Src/bme280.o
                0x08001370                bme280_get_sensor_data
 .text.bme280_compensate_data
                0x080013f0       0xc2 ./Core/Src/bme280.o
                0x080013f0                bme280_compensate_data
 .text.set_osr_settings
                0x080014b2       0x4e ./Core/Src/bme280.o
 .text.set_osr_humidity_settings
                0x08001500       0x74 ./Core/Src/bme280.o
 .text.set_osr_press_temp_settings
                0x08001574       0x78 ./Core/Src/bme280.o
 .text.set_filter_standby_settings
                0x080015ec       0x78 ./Core/Src/bme280.o
 .text.fill_filter_settings
                0x08001664       0x3c ./Core/Src/bme280.o
 .text.fill_standby_settings
                0x080016a0       0x36 ./Core/Src/bme280.o
 .text.fill_osr_press_settings
                0x080016d6       0x3c ./Core/Src/bme280.o
 .text.fill_osr_temp_settings
                0x08001712       0x36 ./Core/Src/bme280.o
 .text.parse_device_settings
                0x08001748       0x68 ./Core/Src/bme280.o
 .text.parse_sensor_data
                0x080017b0       0x8c ./Core/Src/bme280.o
 .text.write_power_mode
                0x0800183c       0x66 ./Core/Src/bme280.o
 .text.put_device_to_sleep
                0x080018a2       0x60 ./Core/Src/bme280.o
 .text.reload_device_settings
                0x08001902       0x3a ./Core/Src/bme280.o
 .text.compensate_temperature
                0x0800193c      0x1a4 ./Core/Src/bme280.o
 .text.compensate_pressure
                0x08001ae0      0x3a0 ./Core/Src/bme280.o
 .text.compensate_humidity
                0x08001e80      0x240 ./Core/Src/bme280.o
 .text.get_calib_data
                0x080020c0       0x88 ./Core/Src/bme280.o
 .text.interleave_reg_addr
                0x08002148       0x56 ./Core/Src/bme280.o
 .text.parse_temp_press_calib_data
                0x0800219e      0x178 ./Core/Src/bme280.o
 .text.parse_humidity_calib_data
                0x08002316       0xa0 ./Core/Src/bme280.o
 .text.are_settings_changed
                0x080023b6       0x38 ./Core/Src/bme280.o
 .text.null_ptr_check
                0x080023ee       0x40 ./Core/Src/bme280.o
 *fill*         0x0800242e        0x2 
 .text.bme280_i2c_read
                0x08002430       0x3c ./Core/Src/bme280_helper.o
                0x08002430                bme280_i2c_read
 .text.bme280_i2c_write
                0x0800246c       0x3c ./Core/Src/bme280_helper.o
                0x0800246c                bme280_i2c_write
 .text.bme280_delay_us
                0x080024a8       0x28 ./Core/Src/bme280_helper.o
                0x080024a8                bme280_delay_us
 .text.main     0x080024d0      0x124 ./Core/Src/main.o
                0x080024d0                main
 .text.SystemClock_Config
                0x080025f4       0xe8 ./Core/Src/main.o
                0x080025f4                SystemClock_Config
 .text.MX_I2C1_Init
                0x080026dc       0x5c ./Core/Src/main.o
 .text.MX_IWDG_Init
                0x08002738       0x34 ./Core/Src/main.o
 .text.MX_USART2_UART_Init
                0x0800276c       0x54 ./Core/Src/main.o
 .text.MX_GPIO_Init
                0x080027c0       0xdc ./Core/Src/main.o
 .text.StartDefaultTask
                0x0800289c       0x20 ./Core/Src/main.o
                0x0800289c                StartDefaultTask
 .text.StartDataTask
                0x080028bc       0xec ./Core/Src/main.o
                0x080028bc                StartDataTask
 .text.StartCommTask
                0x080029a8      0x178 ./Core/Src/main.o
                0x080029a8                StartCommTask
 .text.HAL_TIM_PeriodElapsedCallback
                0x08002b20       0x24 ./Core/Src/main.o
                0x08002b20                HAL_TIM_PeriodElapsedCallback
 .text.Error_Handler
                0x08002b44        0xc ./Core/Src/main.o
                0x08002b44                Error_Handler
 .text.DS3231_GetHours
                0x08002b50       0x48 ./Core/Src/rtc_helper.o
                0x08002b50                DS3231_GetHours
 .text.DS3231_GetMinutes
                0x08002b98       0x48 ./Core/Src/rtc_helper.o
                0x08002b98                DS3231_GetMinutes
 .text.DS3231_GetSeconds
                0x08002be0       0x48 ./Core/Src/rtc_helper.o
                0x08002be0                DS3231_GetSeconds
 .text.DS3231_Init
                0x08002c28       0x14 ./Core/Src/rtc_helper.o
                0x08002c28                DS3231_Init
 .text.DS3231_GetDate
                0x08002c3c       0xa8 ./Core/Src/rtc_helper.o
                0x08002c3c                DS3231_GetDate
 .text.ssd1306_Reset
                0x08002ce4        0xe ./Core/Src/ssd1306.o
                0x08002ce4                ssd1306_Reset
 *fill*         0x08002cf2        0x2 
 .text.ssd1306_WriteCommand
                0x08002cf4       0x30 ./Core/Src/ssd1306.o
                0x08002cf4                ssd1306_WriteCommand
 .text.ssd1306_WriteData
                0x08002d24       0x34 ./Core/Src/ssd1306.o
                0x08002d24                ssd1306_WriteData
 .text.ssd1306_Init
                0x08002d58       0xd4 ./Core/Src/ssd1306.o
                0x08002d58                ssd1306_Init
 .text.ssd1306_Fill
                0x08002e2c       0x30 ./Core/Src/ssd1306.o
                0x08002e2c                ssd1306_Fill
 .text.ssd1306_UpdateScreen
                0x08002e5c       0x50 ./Core/Src/ssd1306.o
                0x08002e5c                ssd1306_UpdateScreen
 .text.ssd1306_DrawPixel
                0x08002eac       0xa8 ./Core/Src/ssd1306.o
                0x08002eac                ssd1306_DrawPixel
 .text.ssd1306_WriteChar
                0x08002f54      0x124 ./Core/Src/ssd1306.o
                0x08002f54                ssd1306_WriteChar
 .text.ssd1306_WriteString
                0x08003078       0x4c ./Core/Src/ssd1306.o
                0x08003078                ssd1306_WriteString
 .text.ssd1306_SetCursor
                0x080030c4       0x30 ./Core/Src/ssd1306.o
                0x080030c4                ssd1306_SetCursor
 .text.ssd1306_SetContrast
                0x080030f4       0x26 ./Core/Src/ssd1306.o
                0x080030f4                ssd1306_SetContrast
 *fill*         0x0800311a        0x2 
 .text.ssd1306_SetDisplayOn
                0x0800311c       0x3c ./Core/Src/ssd1306.o
                0x0800311c                ssd1306_SetDisplayOn
 .text.HAL_MspInit
                0x08003158       0x58 ./Core/Src/stm32f4xx_hal_msp.o
                0x08003158                HAL_MspInit
 .text.HAL_I2C_MspInit
                0x080031b0       0x90 ./Core/Src/stm32f4xx_hal_msp.o
                0x080031b0                HAL_I2C_MspInit
 .text.HAL_UART_MspInit
                0x08003240       0x90 ./Core/Src/stm32f4xx_hal_msp.o
                0x08003240                HAL_UART_MspInit
 .text.HAL_InitTick
                0x080032d0       0xe8 ./Core/Src/stm32f4xx_hal_timebase_tim.o
                0x080032d0                HAL_InitTick
 .text.NMI_Handler
                0x080033b8        0x8 ./Core/Src/stm32f4xx_it.o
                0x080033b8                NMI_Handler
 .text.HardFault_Handler
                0x080033c0        0x8 ./Core/Src/stm32f4xx_it.o
                0x080033c0                HardFault_Handler
 .text.MemManage_Handler
                0x080033c8        0x8 ./Core/Src/stm32f4xx_it.o
                0x080033c8                MemManage_Handler
 .text.BusFault_Handler
                0x080033d0        0x8 ./Core/Src/stm32f4xx_it.o
                0x080033d0                BusFault_Handler
 .text.UsageFault_Handler
                0x080033d8        0x8 ./Core/Src/stm32f4xx_it.o
                0x080033d8                UsageFault_Handler
 .text.DebugMon_Handler
                0x080033e0        0xe ./Core/Src/stm32f4xx_it.o
                0x080033e0                DebugMon_Handler
 *fill*         0x080033ee        0x2 
 .text.TIM1_UP_TIM10_IRQHandler
                0x080033f0       0x14 ./Core/Src/stm32f4xx_it.o
                0x080033f0                TIM1_UP_TIM10_IRQHandler
 .text._getpid  0x08003404       0x10 ./Core/Src/syscalls.o
                0x08003404                _getpid
 .text._kill    0x08003414       0x20 ./Core/Src/syscalls.o
                0x08003414                _kill
 .text._exit    0x08003434       0x16 ./Core/Src/syscalls.o
                0x08003434                _exit
 .text._read    0x0800344a       0x3a ./Core/Src/syscalls.o
                0x0800344a                _read
 .text._write   0x08003484       0x38 ./Core/Src/syscalls.o
                0x08003484                _write
 .text._close   0x080034bc       0x18 ./Core/Src/syscalls.o
                0x080034bc                _close
 .text._fstat   0x080034d4       0x20 ./Core/Src/syscalls.o
                0x080034d4                _fstat
 .text._isatty  0x080034f4       0x16 ./Core/Src/syscalls.o
                0x080034f4                _isatty
 .text._lseek   0x0800350a       0x1a ./Core/Src/syscalls.o
                0x0800350a                _lseek
 .text._sbrk    0x08003524       0x6c ./Core/Src/sysmem.o
                0x08003524                _sbrk
 .text.SystemInit
                0x08003590       0x24 ./Core/Src/system_stm32f4xx.o
                0x08003590                SystemInit
 .text.Reset_Handler
                0x080035b4       0x50 ./Core/Startup/startup_stm32f446retx.o
                0x080035b4                Reset_Handler
 .text.Default_Handler
                0x08003604        0x2 ./Core/Startup/startup_stm32f446retx.o
                0x08003604                RTC_Alarm_IRQHandler
                0x08003604                EXTI2_IRQHandler
                0x08003604                TIM8_CC_IRQHandler
                0x08003604                FMPI2C1_EV_IRQHandler
                0x08003604                SPI4_IRQHandler
                0x08003604                TIM1_CC_IRQHandler
                0x08003604                DMA2_Stream5_IRQHandler
                0x08003604                DMA1_Stream5_IRQHandler
                0x08003604                PVD_IRQHandler
                0x08003604                SDIO_IRQHandler
                0x08003604                TAMP_STAMP_IRQHandler
                0x08003604                CAN2_RX1_IRQHandler
                0x08003604                EXTI3_IRQHandler
                0x08003604                TIM8_TRG_COM_TIM14_IRQHandler
                0x08003604                TIM8_UP_TIM13_IRQHandler
                0x08003604                I2C3_ER_IRQHandler
                0x08003604                EXTI0_IRQHandler
                0x08003604                I2C2_EV_IRQHandler
                0x08003604                DMA1_Stream2_IRQHandler
                0x08003604                CAN1_RX0_IRQHandler
                0x08003604                FPU_IRQHandler
                0x08003604                OTG_HS_WKUP_IRQHandler
                0x08003604                CAN2_SCE_IRQHandler
                0x08003604                DMA2_Stream2_IRQHandler
                0x08003604                SPI1_IRQHandler
                0x08003604                TIM6_DAC_IRQHandler
                0x08003604                TIM1_BRK_TIM9_IRQHandler
                0x08003604                DCMI_IRQHandler
                0x08003604                CAN2_RX0_IRQHandler
                0x08003604                DMA2_Stream3_IRQHandler
                0x08003604                SAI2_IRQHandler
                0x08003604                USART6_IRQHandler
                0x08003604                USART3_IRQHandler
                0x08003604                CAN1_RX1_IRQHandler
                0x08003604                UART5_IRQHandler
                0x08003604                DMA2_Stream0_IRQHandler
                0x08003604                TIM4_IRQHandler
                0x08003604                QUADSPI_IRQHandler
                0x08003604                I2C1_EV_IRQHandler
                0x08003604                DMA1_Stream6_IRQHandler
                0x08003604                DMA1_Stream1_IRQHandler
                0x08003604                UART4_IRQHandler
                0x08003604                TIM3_IRQHandler
                0x08003604                RCC_IRQHandler
                0x08003604                TIM8_BRK_TIM12_IRQHandler
                0x08003604                Default_Handler
                0x08003604                CEC_IRQHandler
                0x08003604                EXTI15_10_IRQHandler
                0x08003604                ADC_IRQHandler
                0x08003604                DMA1_Stream7_IRQHandler
                0x08003604                TIM7_IRQHandler
                0x08003604                CAN2_TX_IRQHandler
                0x08003604                TIM5_IRQHandler
                0x08003604                DMA2_Stream7_IRQHandler
                0x08003604                I2C3_EV_IRQHandler
                0x08003604                EXTI9_5_IRQHandler
                0x08003604                RTC_WKUP_IRQHandler
                0x08003604                SPDIF_RX_IRQHandler
                0x08003604                SPI2_IRQHandler
                0x08003604                OTG_HS_EP1_IN_IRQHandler
                0x08003604                DMA1_Stream0_IRQHandler
                0x08003604                CAN1_TX_IRQHandler
                0x08003604                FMPI2C1_ER_IRQHandler
                0x08003604                EXTI4_IRQHandler
                0x08003604                OTG_HS_EP1_OUT_IRQHandler
                0x08003604                WWDG_IRQHandler
                0x08003604                TIM2_IRQHandler
                0x08003604                OTG_FS_WKUP_IRQHandler
                0x08003604                TIM1_TRG_COM_TIM11_IRQHandler
                0x08003604                OTG_HS_IRQHandler
                0x08003604                EXTI1_IRQHandler
                0x08003604                USART2_IRQHandler
                0x08003604                I2C2_ER_IRQHandler
                0x08003604                DMA2_Stream1_IRQHandler
                0x08003604                CAN1_SCE_IRQHandler
                0x08003604                FLASH_IRQHandler
                0x08003604                DMA2_Stream4_IRQHandler
                0x08003604                USART1_IRQHandler
                0x08003604                OTG_FS_IRQHandler
                0x08003604                SPI3_IRQHandler
                0x08003604                DMA1_Stream4_IRQHandler
                0x08003604                I2C1_ER_IRQHandler
                0x08003604                FMC_IRQHandler
                0x08003604                DMA2_Stream6_IRQHandler
                0x08003604                SAI1_IRQHandler
                0x08003604                DMA1_Stream3_IRQHandler
 *fill*         0x08003606        0x2 
 .text.HAL_Init
                0x08003608       0x44 ./Drivers/STM32F4xx_HAL_Driver/Src/stm32f4xx_hal.o
                0x08003608                HAL_Init
 .text.HAL_IncTick
                0x0800364c       0x28 ./Drivers/STM32F4xx_HAL_Driver/Src/stm32f4xx_hal.o
                0x0800364c                HAL_IncTick
 .text.HAL_GetTick
                0x08003674       0x18 ./Drivers/STM32F4xx_HAL_Driver/Src/stm32f4xx_hal.o
                0x08003674                HAL_GetTick
 .text.HAL_Delay
                0x0800368c       0x48 ./Drivers/STM32F4xx_HAL_Driver/Src/stm32f4xx_hal.o
                0x0800368c                HAL_Delay
 .text.__NVIC_SetPriorityGrouping
                0x080036d4       0x48 ./Drivers/STM32F4xx_HAL_Driver/Src/stm32f4xx_hal_cortex.o
 .text.__NVIC_GetPriorityGrouping
                0x0800371c       0x1c ./Drivers/STM32F4xx_HAL_Driver/Src/stm32f4xx_hal_cortex.o
 .text.__NVIC_EnableIRQ
                0x08003738       0x3c ./Drivers/STM32F4xx_HAL_Driver/Src/stm32f4xx_hal_cortex.o
 .text.__NVIC_SetPriority
                0x08003774       0x54 ./Drivers/STM32F4xx_HAL_Driver/Src/stm32f4xx_hal_cortex.o
 .text.NVIC_EncodePriority
                0x080037c8       0x66 ./Drivers/STM32F4xx_HAL_Driver/Src/stm32f4xx_hal_cortex.o
 .text.HAL_NVIC_SetPriorityGrouping
                0x0800382e       0x16 ./Drivers/STM32F4xx_HAL_Driver/Src/stm32f4xx_hal_cortex.o
                0x0800382e                HAL_NVIC_SetPriorityGrouping
 .text.HAL_NVIC_SetPriority
                0x08003844       0x38 ./Drivers/STM32F4xx_HAL_Driver/Src/stm32f4xx_hal_cortex.o
                0x08003844                HAL_NVIC_SetPriority
 .text.HAL_NVIC_EnableIRQ
                0x0800387c       0x1c ./Drivers/STM32F4xx_HAL_Driver/Src/stm32f4xx_hal_cortex.o
                0x0800387c                HAL_NVIC_EnableIRQ
 .text.HAL_GPIO_Init
                0x08003898      0x328 ./Drivers/STM32F4xx_HAL_Driver/Src/stm32f4xx_hal_gpio.o
                0x08003898                HAL_GPIO_Init
 .text.HAL_GPIO_WritePin
                0x08003bc0       0x32 ./Drivers/STM32F4xx_HAL_Driver/Src/stm32f4xx_hal_gpio.o
                0x08003bc0                HAL_GPIO_WritePin
 *fill*         0x08003bf2        0x2 
 .text.HAL_I2C_Init
                0x08003bf4      0x288 ./Drivers/STM32F4xx_HAL_Driver/Src/stm32f4xx_hal_i2c.o
                0x08003bf4                HAL_I2C_Init
 .text.HAL_I2C_Mem_Write
                0x08003e7c      0x1f4 ./Drivers/STM32F4xx_HAL_Driver/Src/stm32f4xx_hal_i2c.o
                0x08003e7c                HAL_I2C_Mem_Write
 .text.HAL_I2C_Mem_Read
                0x08004070      0x464 ./Drivers/STM32F4xx_HAL_Driver/Src/stm32f4xx_hal_i2c.o
                0x08004070                HAL_I2C_Mem_Read
 .text.I2C_RequestMemoryWrite
                0x080044d4      0x12c ./Drivers/STM32F4xx_HAL_Driver/Src/stm32f4xx_hal_i2c.o
 .text.I2C_RequestMemoryRead
                0x08004600      0x1d0 ./Drivers/STM32F4xx_HAL_Driver/Src/stm32f4xx_hal_i2c.o
 .text.I2C_WaitOnFlagUntilTimeout
                0x080047d0       0xf4 ./Drivers/STM32F4xx_HAL_Driver/Src/stm32f4xx_hal_i2c.o
 .text.I2C_WaitOnMasterAddressFlagUntilTimeout
                0x080048c4      0x140 ./Drivers/STM32F4xx_HAL_Driver/Src/stm32f4xx_hal_i2c.o
 .text.I2C_WaitOnTXEFlagUntilTimeout
                0x08004a04       0x90 ./Drivers/STM32F4xx_HAL_Driver/Src/stm32f4xx_hal_i2c.o
 .text.I2C_WaitOnBTFFlagUntilTimeout
                0x08004a94       0x90 ./Drivers/STM32F4xx_HAL_Driver/Src/stm32f4xx_hal_i2c.o
 .text.I2C_WaitOnRXNEFlagUntilTimeout
                0x08004b24       0xba ./Drivers/STM32F4xx_HAL_Driver/Src/stm32f4xx_hal_i2c.o
 .text.I2C_IsAcknowledgeFailed
                0x08004bde       0x5e ./Drivers/STM32F4xx_HAL_Driver/Src/stm32f4xx_hal_i2c.o
 .text.HAL_IWDG_Init
                0x08004c3c       0x88 ./Drivers/STM32F4xx_HAL_Driver/Src/stm32f4xx_hal_iwdg.o
                0x08004c3c                HAL_IWDG_Init
 .text.HAL_IWDG_Refresh
                0x08004cc4       0x20 ./Drivers/STM32F4xx_HAL_Driver/Src/stm32f4xx_hal_iwdg.o
                0x08004cc4                HAL_IWDG_Refresh
 .text.HAL_PWREx_EnableOverDrive
                0x08004ce4       0xa0 ./Drivers/STM32F4xx_HAL_Driver/Src/stm32f4xx_hal_pwr_ex.o
                0x08004ce4                HAL_PWREx_EnableOverDrive
 .text.HAL_RCC_ClockConfig
                0x08004d84      0x1cc ./Drivers/STM32F4xx_HAL_Driver/Src/stm32f4xx_hal_rcc.o
                0x08004d84                HAL_RCC_ClockConfig
 .text.HAL_RCC_GetHCLKFreq
                0x08004f50       0x18 ./Drivers/STM32F4xx_HAL_Driver/Src/stm32f4xx_hal_rcc.o
                0x08004f50                HAL_RCC_GetHCLKFreq
 .text.HAL_RCC_GetPCLK1Freq
                0x08004f68       0x28 ./Drivers/STM32F4xx_HAL_Driver/Src/stm32f4xx_hal_rcc.o
                0x08004f68                HAL_RCC_GetPCLK1Freq
 .text.HAL_RCC_GetPCLK2Freq
                0x08004f90       0x28 ./Drivers/STM32F4xx_HAL_Driver/Src/stm32f4xx_hal_rcc.o
                0x08004f90                HAL_RCC_GetPCLK2Freq
 .text.HAL_RCC_GetClockConfig
                0x08004fb8       0x64 ./Drivers/STM32F4xx_HAL_Driver/Src/stm32f4xx_hal_rcc.o
                0x08004fb8                HAL_RCC_GetClockConfig
 .text.HAL_RCC_GetSysClockFreq
                0x0800501c      0x460 ./Drivers/STM32F4xx_HAL_Driver/Src/stm32f4xx_hal_rcc_ex.o
                0x0800501c                HAL_RCC_GetSysClockFreq
 .text.HAL_RCC_OscConfig
                0x0800547c      0x53c ./Drivers/STM32F4xx_HAL_Driver/Src/stm32f4xx_hal_rcc_ex.o
                0x0800547c                HAL_RCC_OscConfig
 .text.HAL_TIM_Base_Init
                0x080059b8       0x9e ./Drivers/STM32F4xx_HAL_Driver/Src/stm32f4xx_hal_tim.o
                0x080059b8                HAL_TIM_Base_Init
 .text.HAL_TIM_Base_MspInit
                0x08005a56       0x14 ./Drivers/STM32F4xx_HAL_Driver/Src/stm32f4xx_hal_tim.o
                0x08005a56                HAL_TIM_Base_MspInit
 *fill*         0x08005a6a        0x2 
 .text.HAL_TIM_Base_Start_IT
                0x08005a6c       0xe0 ./Drivers/STM32F4xx_HAL_Driver/Src/stm32f4xx_hal_tim.o
                0x08005a6c                HAL_TIM_Base_Start_IT
 .text.HAL_TIM_IRQHandler
                0x08005b4c      0x1e0 ./Drivers/STM32F4xx_HAL_Driver/Src/stm32f4xx_hal_tim.o
                0x08005b4c                HAL_TIM_IRQHandler
 .text.HAL_TIM_OC_DelayElapsedCallback
                0x08005d2c       0x14 ./Drivers/STM32F4xx_HAL_Driver/Src/stm32f4xx_hal_tim.o
                0x08005d2c                HAL_TIM_OC_DelayElapsedCallback
 .text.HAL_TIM_IC_CaptureCallback
                0x08005d40       0x14 ./Drivers/STM32F4xx_HAL_Driver/Src/stm32f4xx_hal_tim.o
                0x08005d40                HAL_TIM_IC_CaptureCallback
 .text.HAL_TIM_PWM_PulseFinishedCallback
                0x08005d54       0x14 ./Drivers/STM32F4xx_HAL_Driver/Src/stm32f4xx_hal_tim.o
                0x08005d54                HAL_TIM_PWM_PulseFinishedCallback
 .text.HAL_TIM_TriggerCallback
                0x08005d68       0x14 ./Drivers/STM32F4xx_HAL_Driver/Src/stm32f4xx_hal_tim.o
                0x08005d68                HAL_TIM_TriggerCallback
 .text.TIM_Base_SetConfig
                0x08005d7c      0x14c ./Drivers/STM32F4xx_HAL_Driver/Src/stm32f4xx_hal_tim.o
                0x08005d7c                TIM_Base_SetConfig
 .text.HAL_TIMEx_CommutCallback
                0x08005ec8       0x14 ./Drivers/STM32F4xx_HAL_Driver/Src/stm32f4xx_hal_tim_ex.o
                0x08005ec8                HAL_TIMEx_CommutCallback
 .text.HAL_TIMEx_BreakCallback
                0x08005edc       0x14 ./Drivers/STM32F4xx_HAL_Driver/Src/stm32f4xx_hal_tim_ex.o
                0x08005edc                HAL_TIMEx_BreakCallback
 .text.HAL_UART_Init
                0x08005ef0       0xa0 ./Drivers/STM32F4xx_HAL_Driver/Src/stm32f4xx_hal_uart.o
                0x08005ef0                HAL_UART_Init
 .text.UART_SetConfig
                0x08005f90      0x4e8 ./Drivers/STM32F4xx_HAL_Driver/Src/stm32f4xx_hal_uart.o
 .text.__NVIC_SetPriority
                0x08006478       0x54 ./Middlewares/Third_Party/FreeRTOS/Source/CMSIS_RTOS_V2/cmsis_os2.o
 .text.SysTick_Handler
                0x080064cc       0x20 ./Middlewares/Third_Party/FreeRTOS/Source/CMSIS_RTOS_V2/cmsis_os2.o
                0x080064cc                SysTick_Handler
 .text.SVC_Setup
                0x080064ec       0x12 ./Middlewares/Third_Party/FreeRTOS/Source/CMSIS_RTOS_V2/cmsis_os2.o
 *fill*         0x080064fe        0x2 
 .text.osKernelInitialize
                0x08006500       0x48 ./Middlewares/Third_Party/FreeRTOS/Source/CMSIS_RTOS_V2/cmsis_os2.o
                0x08006500                osKernelInitialize
 .text.osKernelStart
                0x08006548       0x4c ./Middlewares/Third_Party/FreeRTOS/Source/CMSIS_RTOS_V2/cmsis_os2.o
                0x08006548                osKernelStart
 .text.osKernelGetTickCount
                0x08006594       0x2a ./Middlewares/Third_Party/FreeRTOS/Source/CMSIS_RTOS_V2/cmsis_os2.o
                0x08006594                osKernelGetTickCount
 .text.osThreadNew
                0x080065be      0x124 ./Middlewares/Third_Party/FreeRTOS/Source/CMSIS_RTOS_V2/cmsis_os2.o
                0x080065be                osThreadNew
 .text.osDelay  0x080066e2       0x36 ./Middlewares/Third_Party/FreeRTOS/Source/CMSIS_RTOS_V2/cmsis_os2.o
                0x080066e2                osDelay
 .text.osMutexNew
                0x08006718      0x10c ./Middlewares/Third_Party/FreeRTOS/Source/CMSIS_RTOS_V2/cmsis_os2.o
                0x08006718                osMutexNew
 .text.osMutexAcquire
                0x08006824       0x96 ./Middlewares/Third_Party/FreeRTOS/Source/CMSIS_RTOS_V2/cmsis_os2.o
                0x08006824                osMutexAcquire
 .text.osMutexRelease
                0x080068ba       0x7a ./Middlewares/Third_Party/FreeRTOS/Source/CMSIS_RTOS_V2/cmsis_os2.o
                0x080068ba                osMutexRelease
 .text.osMessageQueueNew
                0x08006934       0xe6 ./Middlewares/Third_Party/FreeRTOS/Source/CMSIS_RTOS_V2/cmsis_os2.o
                0x08006934                osMessageQueueNew
 *fill*         0x08006a1a        0x2 
 .text.osMessageQueuePut
                0x08006a1c       0xc0 ./Middlewares/Third_Party/FreeRTOS/Source/CMSIS_RTOS_V2/cmsis_os2.o
                0x08006a1c                osMessageQueuePut
 .text.osMessageQueueGet
                0x08006adc       0xbc ./Middlewares/Third_Party/FreeRTOS/Source/CMSIS_RTOS_V2/cmsis_os2.o
                0x08006adc                osMessageQueueGet
 .text.vApplicationGetIdleTaskMemory
                0x08006b98       0x34 ./Middlewares/Third_Party/FreeRTOS/Source/CMSIS_RTOS_V2/cmsis_os2.o
                0x08006b98                vApplicationGetIdleTaskMemory
 .text.vApplicationGetTimerTaskMemory
                0x08006bcc       0x34 ./Middlewares/Third_Party/FreeRTOS/Source/CMSIS_RTOS_V2/cmsis_os2.o
                0x08006bcc                vApplicationGetTimerTaskMemory
 .text.vListInitialise
                0x08006c00       0x40 ./Middlewares/Third_Party/FreeRTOS/Source/list.o
                0x08006c00                vListInitialise
 .text.vListInitialiseItem
                0x08006c40       0x1a ./Middlewares/Third_Party/FreeRTOS/Source/list.o
                0x08006c40                vListInitialiseItem
 .text.vListInsertEnd
                0x08006c5a       0x48 ./Middlewares/Third_Party/FreeRTOS/Source/list.o
                0x08006c5a                vListInsertEnd
 .text.vListInsert
                0x08006ca2       0x72 ./Middlewares/Third_Party/FreeRTOS/Source/list.o
                0x08006ca2                vListInsert
 .text.uxListRemove
                0x08006d14       0x54 ./Middlewares/Third_Party/FreeRTOS/Source/list.o
                0x08006d14                uxListRemove
 .text.xQueueGenericReset
                0x08006d68       0xd4 ./Middlewares/Third_Party/FreeRTOS/Source/queue.o
                0x08006d68                xQueueGenericReset
 .text.xQueueGenericCreateStatic
                0x08006e3c       0xfa ./Middlewares/Third_Party/FreeRTOS/Source/queue.o
                0x08006e3c                xQueueGenericCreateStatic
 .text.xQueueGenericCreate
                0x08006f36       0x76 ./Middlewares/Third_Party/FreeRTOS/Source/queue.o
                0x08006f36                xQueueGenericCreate
 .text.prvInitialiseNewQueue
                0x08006fac       0x46 ./Middlewares/Third_Party/FreeRTOS/Source/queue.o
 .text.prvInitialiseMutex
                0x08006ff2       0x34 ./Middlewares/Third_Party/FreeRTOS/Source/queue.o
 .text.xQueueCreateMutex
                0x08007026       0x30 ./Middlewares/Third_Party/FreeRTOS/Source/queue.o
                0x08007026                xQueueCreateMutex
 .text.xQueueCreateMutexStatic
                0x08007056       0x36 ./Middlewares/Third_Party/FreeRTOS/Source/queue.o
                0x08007056                xQueueCreateMutexStatic
 .text.xQueueGiveMutexRecursive
                0x0800708c       0x6a ./Middlewares/Third_Party/FreeRTOS/Source/queue.o
                0x0800708c                xQueueGiveMutexRecursive
 .text.xQueueTakeMutexRecursive
                0x080070f6       0x6e ./Middlewares/Third_Party/FreeRTOS/Source/queue.o
                0x080070f6                xQueueTakeMutexRecursive
 .text.xQueueGenericSend
                0x08007164      0x204 ./Middlewares/Third_Party/FreeRTOS/Source/queue.o
                0x08007164                xQueueGenericSend
 .text.xQueueGenericSendFromISR
                0x08007368      0x13c ./Middlewares/Third_Party/FreeRTOS/Source/queue.o
                0x08007368                xQueueGenericSendFromISR
 .text.xQueueReceive
                0x080074a4      0x1c4 ./Middlewares/Third_Party/FreeRTOS/Source/queue.o
                0x080074a4                xQueueReceive
 .text.xQueueSemaphoreTake
                0x08007668      0x220 ./Middlewares/Third_Party/FreeRTOS/Source/queue.o
                0x08007668                xQueueSemaphoreTake
 .text.xQueueReceiveFromISR
                0x08007888      0x104 ./Middlewares/Third_Party/FreeRTOS/Source/queue.o
                0x08007888                xQueueReceiveFromISR
 .text.prvGetDisinheritPriorityAfterTimeout
                0x0800798c       0x30 ./Middlewares/Third_Party/FreeRTOS/Source/queue.o
 .text.prvCopyDataToQueue
                0x080079bc       0xd4 ./Middlewares/Third_Party/FreeRTOS/Source/queue.o
 .text.prvCopyDataFromQueue
                0x08007a90       0x4c ./Middlewares/Third_Party/FreeRTOS/Source/queue.o
 .text.prvUnlockQueue
                0x08007adc       0xa4 ./Middlewares/Third_Party/FreeRTOS/Source/queue.o
 .text.prvIsQueueEmpty
                0x08007b80       0x2c ./Middlewares/Third_Party/FreeRTOS/Source/queue.o
 .text.prvIsQueueFull
                0x08007bac       0x30 ./Middlewares/Third_Party/FreeRTOS/Source/queue.o
 .text.vQueueAddToRegistry
                0x08007bdc       0x54 ./Middlewares/Third_Party/FreeRTOS/Source/queue.o
                0x08007bdc                vQueueAddToRegistry
 .text.vQueueWaitForMessageRestricted
                0x08007c30       0x68 ./Middlewares/Third_Party/FreeRTOS/Source/queue.o
                0x08007c30                vQueueWaitForMessageRestricted
 .text.xTaskCreateStatic
                0x08007c98       0xc0 ./Middlewares/Third_Party/FreeRTOS/Source/tasks.o
                0x08007c98                xTaskCreateStatic
 .text.xTaskCreate
                0x08007d58       0x8a ./Middlewares/Third_Party/FreeRTOS/Source/tasks.o
                0x08007d58                xTaskCreate
 *fill*         0x08007de2        0x2 
 .text.prvInitialiseNewTask
                0x08007de4      0x154 ./Middlewares/Third_Party/FreeRTOS/Source/tasks.o
 .text.prvAddNewTaskToReadyList
                0x08007f38       0xe0 ./Middlewares/Third_Party/FreeRTOS/Source/tasks.o
 .text.vTaskDelay
                0x08008018       0x6c ./Middlewares/Third_Party/FreeRTOS/Source/tasks.o
                0x08008018                vTaskDelay
 .text.vTaskStartScheduler
                0x08008084       0xe0 ./Middlewares/Third_Party/FreeRTOS/Source/tasks.o
                0x08008084                vTaskStartScheduler
 .text.vTaskSuspendAll
                0x08008164       0x1c ./Middlewares/Third_Party/FreeRTOS/Source/tasks.o
                0x08008164                vTaskSuspendAll
 .text.xTaskResumeAll
                0x08008180      0x13c ./Middlewares/Third_Party/FreeRTOS/Source/tasks.o
                0x08008180                xTaskResumeAll
 .text.xTaskGetTickCount
                0x080082bc       0x20 ./Middlewares/Third_Party/FreeRTOS/Source/tasks.o
                0x080082bc                xTaskGetTickCount
 .text.xTaskGetTickCountFromISR
                0x080082dc       0x24 ./Middlewares/Third_Party/FreeRTOS/Source/tasks.o
                0x080082dc                xTaskGetTickCountFromISR
 .text.xTaskIncrementTick
                0x08008300      0x174 ./Middlewares/Third_Party/FreeRTOS/Source/tasks.o
                0x08008300                xTaskIncrementTick
 .text.vTaskSwitchContext
                0x08008474       0xcc ./Middlewares/Third_Party/FreeRTOS/Source/tasks.o
                0x08008474                vTaskSwitchContext
 .text.vTaskPlaceOnEventList
                0x08008540       0x4c ./Middlewares/Third_Party/FreeRTOS/Source/tasks.o
                0x08008540                vTaskPlaceOnEventList
 .text.vTaskPlaceOnEventListRestricted
                0x0800858c       0x58 ./Middlewares/Third_Party/FreeRTOS/Source/tasks.o
                0x0800858c                vTaskPlaceOnEventListRestricted
 .text.xTaskRemoveFromEventList
                0x080085e4       0xc8 ./Middlewares/Third_Party/FreeRTOS/Source/tasks.o
                0x080085e4                xTaskRemoveFromEventList
 .text.vTaskInternalSetTimeOutState
                0x080086ac       0x2c ./Middlewares/Third_Party/FreeRTOS/Source/tasks.o
                0x080086ac                vTaskInternalSetTimeOutState
 .text.xTaskCheckForTimeOut
                0x080086d8       0xc8 ./Middlewares/Third_Party/FreeRTOS/Source/tasks.o
                0x080086d8                xTaskCheckForTimeOut
 .text.vTaskMissedYield
                0x080087a0       0x18 ./Middlewares/Third_Party/FreeRTOS/Source/tasks.o
                0x080087a0                vTaskMissedYield
 .text.prvIdleTask
                0x080087b8       0x30 ./Middlewares/Third_Party/FreeRTOS/Source/tasks.o
 .text.prvInitialiseTaskLists
                0x080087e8       0x80 ./Middlewares/Third_Party/FreeRTOS/Source/tasks.o
 .text.prvCheckTasksWaitingTermination
                0x08008868       0x5c ./Middlewares/Third_Party/FreeRTOS/Source/tasks.o
 .text.prvDeleteTCB
                0x080088c4       0x6a ./Middlewares/Third_Party/FreeRTOS/Source/tasks.o
 *fill*         0x0800892e        0x2 
 .text.prvResetNextTaskUnblockTime
                0x08008930       0x40 ./Middlewares/Third_Party/FreeRTOS/Source/tasks.o
 .text.xTaskGetCurrentTaskHandle
                0x08008970       0x20 ./Middlewares/Third_Party/FreeRTOS/Source/tasks.o
                0x08008970                xTaskGetCurrentTaskHandle
 .text.xTaskGetSchedulerState
                0x08008990       0x3c ./Middlewares/Third_Party/FreeRTOS/Source/tasks.o
                0x08008990                xTaskGetSchedulerState
 .text.xTaskPriorityInherit
                0x080089cc       0xd0 ./Middlewares/Third_Party/FreeRTOS/Source/tasks.o
                0x080089cc                xTaskPriorityInherit
 .text.xTaskPriorityDisinherit
                0x08008a9c       0xe0 ./Middlewares/Third_Party/FreeRTOS/Source/tasks.o
                0x08008a9c                xTaskPriorityDisinherit
 .text.vTaskPriorityDisinheritAfterTimeout
                0x08008b7c      0x108 ./Middlewares/Third_Party/FreeRTOS/Source/tasks.o
                0x08008b7c                vTaskPriorityDisinheritAfterTimeout
 .text.pvTaskIncrementMutexHeldCount
                0x08008c84       0x28 ./Middlewares/Third_Party/FreeRTOS/Source/tasks.o
                0x08008c84                pvTaskIncrementMutexHeldCount
 .text.prvAddCurrentTaskToDelayedList
                0x08008cac       0xa8 ./Middlewares/Third_Party/FreeRTOS/Source/tasks.o
 .text.xTimerCreateTimerTask
                0x08008d54       0x94 ./Middlewares/Third_Party/FreeRTOS/Source/timers.o
                0x08008d54                xTimerCreateTimerTask
 .text.xTimerGenericCommand
                0x08008de8       0x9c ./Middlewares/Third_Party/FreeRTOS/Source/timers.o
                0x08008de8                xTimerGenericCommand
 .text.prvProcessExpiredTimer
                0x08008e84       0x9c ./Middlewares/Third_Party/FreeRTOS/Source/timers.o
 .text.prvTimerTask
                0x08008f20       0x26 ./Middlewares/Third_Party/FreeRTOS/Source/timers.o
 *fill*         0x08008f46        0x2 
 .text.prvProcessTimerOrBlockTask
                0x08008f48       0x9c ./Middlewares/Third_Party/FreeRTOS/Source/timers.o
 .text.prvGetNextExpireTime
                0x08008fe4       0x48 ./Middlewares/Third_Party/FreeRTOS/Source/timers.o
 .text.prvSampleTimeNow
                0x0800902c       0x40 ./Middlewares/Third_Party/FreeRTOS/Source/timers.o
 .text.prvInsertTimerInActiveList
                0x0800906c       0x84 ./Middlewares/Third_Party/FreeRTOS/Source/timers.o
 .text.prvProcessReceivedCommands
                0x080090f0      0x1cc ./Middlewares/Third_Party/FreeRTOS/Source/timers.o
 .text.prvSwitchTimerLists
                0x080092bc       0xcc ./Middlewares/Third_Party/FreeRTOS/Source/timers.o
 .text.prvCheckForValidListAndQueue
                0x08009388       0x80 ./Middlewares/Third_Party/FreeRTOS/Source/timers.o
 .text.pxPortInitialiseStack
                0x08009408       0x68 ./Middlewares/Third_Party/FreeRTOS/Source/portable/GCC/ARM_CM4F/port.o
                0x08009408                pxPortInitialiseStack
 .text.prvTaskExitError
                0x08009470       0x5c ./Middlewares/Third_Party/FreeRTOS/Source/portable/GCC/ARM_CM4F/port.o
 *fill*         0x080094cc        0x4 
 .text.SVC_Handler
                0x080094d0       0x28 ./Middlewares/Third_Party/FreeRTOS/Source/portable/GCC/ARM_CM4F/port.o
                0x080094d0                SVC_Handler
 .text.prvPortStartFirstTask
                0x080094f8       0x28 ./Middlewares/Third_Party/FreeRTOS/Source/portable/GCC/ARM_CM4F/port.o
 .text.xPortStartScheduler
                0x08009520      0x148 ./Middlewares/Third_Party/FreeRTOS/Source/portable/GCC/ARM_CM4F/port.o
                0x08009520                xPortStartScheduler
 .text.vPortEnterCritical
                0x08009668       0x64 ./Middlewares/Third_Party/FreeRTOS/Source/portable/GCC/ARM_CM4F/port.o
                0x08009668                vPortEnterCritical
 .text.vPortExitCritical
                0x080096cc       0x54 ./Middlewares/Third_Party/FreeRTOS/Source/portable/GCC/ARM_CM4F/port.o
                0x080096cc                vPortExitCritical
 .text.PendSV_Handler
                0x08009720       0x68 ./Middlewares/Third_Party/FreeRTOS/Source/portable/GCC/ARM_CM4F/port.o
                0x08009720                PendSV_Handler
 .text.xPortSysTickHandler
                0x08009788       0x44 ./Middlewares/Third_Party/FreeRTOS/Source/portable/GCC/ARM_CM4F/port.o
                0x08009788                xPortSysTickHandler
 .text.vPortSetupTimerInterrupt
                0x080097cc       0x48 ./Middlewares/Third_Party/FreeRTOS/Source/portable/GCC/ARM_CM4F/port.o
                0x080097cc                vPortSetupTimerInterrupt
 .text.vPortEnableVFP
                0x08009814       0x14 ./Middlewares/Third_Party/FreeRTOS/Source/portable/GCC/ARM_CM4F/port.o
 .text.vPortValidateInterruptPriority
                0x08009828       0x84 ./Middlewares/Third_Party/FreeRTOS/Source/portable/GCC/ARM_CM4F/port.o
                0x08009828                vPortValidateInterruptPriority
 .text.pvPortMalloc
                0x080098ac      0x19c ./Middlewares/Third_Party/FreeRTOS/Source/portable/MemMang/heap_4.o
                0x080098ac                pvPortMalloc
 .text.vPortFree
                0x08009a48       0xc8 ./Middlewares/Third_Party/FreeRTOS/Source/portable/MemMang/heap_4.o
                0x08009a48                vPortFree
 .text.prvHeapInit
                0x08009b10       0xc4 ./Middlewares/Third_Party/FreeRTOS/Source/portable/MemMang/heap_4.o
 .text.prvInsertBlockIntoFreeList
                0x08009bd4       0xb4 ./Middlewares/Third_Party/FreeRTOS/Source/portable/MemMang/heap_4.o
 .text.__cvt    0x08009c88       0xca C:/ST/STM32CubeIDE_2.0.0/STM32CubeIDE/plugins/com.st.stm32cube.ide.mcu.externaltools.gnu-tools-for-stm32.14.3.rel1.win32_1.0.100.202602081740/tools/bin/../lib/gcc/arm-none-eabi/14.3.1/../../../../arm-none-eabi/lib/thumb/v7e-m+fp/hard\libc_nano.a(libc_a-nano-vfprintf_float.o)
                0x08009c88                __cvt
 .text.__exponent
                0x08009d52       0x74 C:/ST/STM32CubeIDE_2.0.0/STM32CubeIDE/plugins/com.st.stm32cube.ide.mcu.externaltools.gnu-tools-for-stm32.14.3.rel1.win32_1.0.100.202602081740/tools/bin/../lib/gcc/arm-none-eabi/14.3.1/../../../../arm-none-eabi/lib/thumb/v7e-m+fp/hard\libc_nano.a(libc_a-nano-vfprintf_float.o)
                0x08009d52                __exponent
 *fill*         0x08009dc6        0x2 
 .text._printf_float
                0x08009dc8      0x450 C:/ST/STM32CubeIDE_2.0.0/STM32CubeIDE/plugins/com.st.stm32cube.ide.mcu.externaltools.gnu-tools-for-stm32.14.3.rel1.win32_1.0.100.202602081740/tools/bin/../lib/gcc/arm-none-eabi/14.3.1/../../../../arm-none-eabi/lib/thumb/v7e-m+fp/hard\libc_nano.a(libc_a-nano-vfprintf_float.o)
                0x08009dc8                _printf_float
 .text._printf_common
                0x0800a218       0xda C:/ST/STM32CubeIDE_2.0.0/STM32CubeIDE/plugins/com.st.stm32cube.ide.mcu.externaltools.gnu-tools-for-stm32.14.3.rel1.win32_1.0.100.202602081740/tools/bin/../lib/gcc/arm-none-eabi/14.3.1/../../../../arm-none-eabi/lib/thumb/v7e-m+fp/hard\libc_nano.a(libc_a-nano-vfprintf_i.o)
                0x0800a218                _printf_common
 *fill*         0x0800a2f2        0x2 
 .text._printf_i
                0x0800a2f4      0x24c C:/ST/STM32CubeIDE_2.0.0/STM32CubeIDE/plugins/com.st.stm32cube.ide.mcu.externaltools.gnu-tools-for-stm32.14.3.rel1.win32_1.0.100.202602081740/tools/bin/../lib/gcc/arm-none-eabi/14.3.1/../../../../arm-none-eabi/lib/thumb/v7e-m+fp/hard\libc_nano.a(libc_a-nano-vfprintf_i.o)
                0x0800a2f4                _printf_i
 .text.std      0x0800a540       0x6c C:/ST/STM32CubeIDE_2.0.0/STM32CubeIDE/plugins/com.st.stm32cube.ide.mcu.externaltools.gnu-tools-for-stm32.14.3.rel1.win32_1.0.100.202602081740/tools/bin/../lib/gcc/arm-none-eabi/14.3.1/../../../../arm-none-eabi/lib/thumb/v7e-m+fp/hard\libc_nano.a(libc_a-findfp.o)
 .text.stdio_exit_handler
                0x0800a5ac       0x18 C:/ST/STM32CubeIDE_2.0.0/STM32CubeIDE/plugins/com.st.stm32cube.ide.mcu.externaltools.gnu-tools-for-stm32.14.3.rel1.win32_1.0.100.202602081740/tools/bin/../lib/gcc/arm-none-eabi/14.3.1/../../../../arm-none-eabi/lib/thumb/v7e-m+fp/hard\libc_nano.a(libc_a-findfp.o)
 .text.cleanup_stdio
                0x0800a5c4       0x40 C:/ST/STM32CubeIDE_2.0.0/STM32CubeIDE/plugins/com.st.stm32cube.ide.mcu.externaltools.gnu-tools-for-stm32.14.3.rel1.win32_1.0.100.202602081740/tools/bin/../lib/gcc/arm-none-eabi/14.3.1/../../../../arm-none-eabi/lib/thumb/v7e-m+fp/hard\libc_nano.a(libc_a-findfp.o)
 .text.global_stdio_init.part.0
                0x0800a604       0x40 C:/ST/STM32CubeIDE_2.0.0/STM32CubeIDE/plugins/com.st.stm32cube.ide.mcu.externaltools.gnu-tools-for-stm32.14.3.rel1.win32_1.0.100.202602081740/tools/bin/../lib/gcc/arm-none-eabi/14.3.1/../../../../arm-none-eabi/lib/thumb/v7e-m+fp/hard\libc_nano.a(libc_a-findfp.o)
 .text.__sfp_lock_acquire
                0x0800a644        0xc C:/ST/STM32CubeIDE_2.0.0/STM32CubeIDE/plugins/com.st.stm32cube.ide.mcu.externaltools.gnu-tools-for-stm32.14.3.rel1.win32_1.0.100.202602081740/tools/bin/../lib/gcc/arm-none-eabi/14.3.1/../../../../arm-none-eabi/lib/thumb/v7e-m+fp/hard\libc_nano.a(libc_a-findfp.o)
                0x0800a644                __sfp_lock_acquire
 .text.__sfp_lock_release
                0x0800a650        0xc C:/ST/STM32CubeIDE_2.0.0/STM32CubeIDE/plugins/com.st.stm32cube.ide.mcu.externaltools.gnu-tools-for-stm32.14.3.rel1.win32_1.0.100.202602081740/tools/bin/../lib/gcc/arm-none-eabi/14.3.1/../../../../arm-none-eabi/lib/thumb/v7e-m+fp/hard\libc_nano.a(libc_a-findfp.o)
                0x0800a650                __sfp_lock_release
 .text.__sinit  0x0800a65c       0x30 C:/ST/STM32CubeIDE_2.0.0/STM32CubeIDE/plugins/com.st.stm32cube.ide.mcu.externaltools.gnu-tools-for-stm32.14.3.rel1.win32_1.0.100.202602081740/tools/bin/../lib/gcc/arm-none-eabi/14.3.1/../../../../arm-none-eabi/lib/thumb/v7e-m+fp/hard\libc_nano.a(libc_a-findfp.o)
                0x0800a65c                __sinit
 .text._fwalk_sglue
                0x0800a68c       0x3c C:/ST/STM32CubeIDE_2.0.0/STM32CubeIDE/plugins/com.st.stm32cube.ide.mcu.externaltools.gnu-tools-for-stm32.14.3.rel1.win32_1.0.100.202602081740/tools/bin/../lib/gcc/arm-none-eabi/14.3.1/../../../../arm-none-eabi/lib/thumb/v7e-m+fp/hard\libc_nano.a(libc_a-fwalk.o)
                0x0800a68c                _fwalk_sglue
 .text.sprintf  0x0800a6c8       0x44 C:/ST/STM32CubeIDE_2.0.0/STM32CubeIDE/plugins/com.st.stm32cube.ide.mcu.externaltools.gnu-tools-for-stm32.14.3.rel1.win32_1.0.100.202602081740/tools/bin/../lib/gcc/arm-none-eabi/14.3.1/../../../../arm-none-eabi/lib/thumb/v7e-m+fp/hard\libc_nano.a(libc_a-sprintf.o)
                0x0800a6c8                siprintf
                0x0800a6c8                sprintf
 .text.__sread  0x0800a70c       0x22 C:/ST/STM32CubeIDE_2.0.0/STM32CubeIDE/plugins/com.st.stm32cube.ide.mcu.externaltools.gnu-tools-for-stm32.14.3.rel1.win32_1.0.100.202602081740/tools/bin/../lib/gcc/arm-none-eabi/14.3.1/../../../../arm-none-eabi/lib/thumb/v7e-m+fp/hard\libc_nano.a(libc_a-stdio.o)
                0x0800a70c                __sread
 .text.__swrite
                0x0800a72e       0x38 C:/ST/STM32CubeIDE_2.0.0/STM32CubeIDE/plugins/com.st.stm32cube.ide.mcu.externaltools.gnu-tools-for-stm32.14.3.rel1.win32_1.0.100.202602081740/tools/bin/../lib/gcc/arm-none-eabi/14.3.1/../../../../arm-none-eabi/lib/thumb/v7e-m+fp/hard\libc_nano.a(libc_a-stdio.o)
                0x0800a72e                __swrite
 .text.__sseek  0x0800a766       0x26 C:/ST/STM32CubeIDE_2.0.0/STM32CubeIDE/plugins/com.st.stm32cube.ide.mcu.externaltools.gnu-tools-for-stm32.14.3.rel1.win32_1.0.100.202602081740/tools/bin/../lib/gcc/arm-none-eabi/14.3.1/../../../../arm-none-eabi/lib/thumb/v7e-m+fp/hard\libc_nano.a(libc_a-stdio.o)
                0x0800a766                __sseek
 .text.__sclose
                0x0800a78c        0x8 C:/ST/STM32CubeIDE_2.0.0/STM32CubeIDE/plugins/com.st.stm32cube.ide.mcu.externaltools.gnu-tools-for-stm32.14.3.rel1.win32_1.0.100.202602081740/tools/bin/../lib/gcc/arm-none-eabi/14.3.1/../../../../arm-none-eabi/lib/thumb/v7e-m+fp/hard\libc_nano.a(libc_a-stdio.o)
                0x0800a78c                __sclose
 .text.memset   0x0800a794       0x10 C:/ST/STM32CubeIDE_2.0.0/STM32CubeIDE/plugins/com.st.stm32cube.ide.mcu.externaltools.gnu-tools-for-stm32.14.3.rel1.win32_1.0.100.202602081740/tools/bin/../lib/gcc/arm-none-eabi/14.3.1/../../../../arm-none-eabi/lib/thumb/v7e-m+fp/hard\libc_nano.a(libc_a-memset.o)
                0x0800a794                memset
 .text._localeconv_r
                0x0800a7a4        0x8 C:/ST/STM32CubeIDE_2.0.0/STM32CubeIDE/plugins/com.st.stm32cube.ide.mcu.externaltools.gnu-tools-for-stm32.14.3.rel1.win32_1.0.100.202602081740/tools/bin/../lib/gcc/arm-none-eabi/14.3.1/../../../../arm-none-eabi/lib/thumb/v7e-m+fp/hard\libc_nano.a(libc_a-localeconv.o)
                0x0800a7a4                _localeconv_r
 .text._close_r
                0x0800a7ac       0x20 C:/ST/STM32CubeIDE_2.0.0/STM32CubeIDE/plugins/com.st.stm32cube.ide.mcu.externaltools.gnu-tools-for-stm32.14.3.rel1.win32_1.0.100.202602081740/tools/bin/../lib/gcc/arm-none-eabi/14.3.1/../../../../arm-none-eabi/lib/thumb/v7e-m+fp/hard\libc_nano.a(libc_a-closer.o)
                0x0800a7ac                _close_r
 .text._reclaim_reent
                0x0800a7cc       0xbc C:/ST/STM32CubeIDE_2.0.0/STM32CubeIDE/plugins/com.st.stm32cube.ide.mcu.externaltools.gnu-tools-for-stm32.14.3.rel1.win32_1.0.100.202602081740/tools/bin/../lib/gcc/arm-none-eabi/14.3.1/../../../../arm-none-eabi/lib/thumb/v7e-m+fp/hard\libc_nano.a(libc_a-reent.o)
                0x0800a7cc                _reclaim_reent
 .text._lseek_r
                0x0800a888       0x24 C:/ST/STM32CubeIDE_2.0.0/STM32CubeIDE/plugins/com.st.stm32cube.ide.mcu.externaltools.gnu-tools-for-stm32.14.3.rel1.win32_1.0.100.202602081740/tools/bin/../lib/gcc/arm-none-eabi/14.3.1/../../../../arm-none-eabi/lib/thumb/v7e-m+fp/hard\libc_nano.a(libc_a-lseekr.o)
                0x0800a888                _lseek_r
 .text._read_r  0x0800a8ac       0x24 C:/ST/STM32CubeIDE_2.0.0/STM32CubeIDE/plugins/com.st.stm32cube.ide.mcu.externaltools.gnu-tools-for-stm32.14.3.rel1.win32_1.0.100.202602081740/tools/bin/../lib/gcc/arm-none-eabi/14.3.1/../../../../arm-none-eabi/lib/thumb/v7e-m+fp/hard\libc_nano.a(libc_a-readr.o)
                0x0800a8ac                _read_r
 .text._write_r
                0x0800a8d0       0x24 C:/ST/STM32CubeIDE_2.0.0/STM32CubeIDE/plugins/com.st.stm32cube.ide.mcu.externaltools.gnu-tools-for-stm32.14.3.rel1.win32_1.0.100.202602081740/tools/bin/../lib/gcc/arm-none-eabi/14.3.1/../../../../arm-none-eabi/lib/thumb/v7e-m+fp/hard\libc_nano.a(libc_a-writer.o)
                0x0800a8d0                _write_r
 .text.__errno  0x0800a8f4        0xc C:/ST/STM32CubeIDE_2.0.0/STM32CubeIDE/plugins/com.st.stm32cube.ide.mcu.externaltools.gnu-tools-for-stm32.14.3.rel1.win32_1.0.100.202602081740/tools/bin/../lib/gcc/arm-none-eabi/14.3.1/../../../../arm-none-eabi/lib/thumb/v7e-m+fp/hard\libc_nano.a(libc_a-errno.o)
                0x0800a8f4                __errno
 .text.__libc_init_array
                0x0800a900       0x48 C:/ST/STM32CubeIDE_2.0.0/STM32CubeIDE/plugins/com.st.stm32cube.ide.mcu.externaltools.gnu-tools-for-stm32.14.3.rel1.win32_1.0.100.202602081740/tools/bin/../lib/gcc/arm-none-eabi/14.3.1/../../../../arm-none-eabi/lib/thumb/v7e-m+fp/hard\libc_nano.a(libc_a-init.o)
                0x0800a900                __libc_init_array
 .text.__retarget_lock_init_recursive
                0x0800a948        0x2 C:/ST/STM32CubeIDE_2.0.0/STM32CubeIDE/plugins/com.st.stm32cube.ide.mcu.externaltools.gnu-tools-for-stm32.14.3.rel1.win32_1.0.100.202602081740/tools/bin/../lib/gcc/arm-none-eabi/14.3.1/../../../../arm-none-eabi/lib/thumb/v7e-m+fp/hard\libc_nano.a(libc_a-lock.o)
                0x0800a948                __retarget_lock_init_recursive
 .text.__retarget_lock_acquire_recursive
                0x0800a94a        0x2 C:/ST/STM32CubeIDE_2.0.0/STM32CubeIDE/plugins/com.st.stm32cube.ide.mcu.externaltools.gnu-tools-for-stm32.14.3.rel1.win32_1.0.100.202602081740/tools/bin/../lib/gcc/arm-none-eabi/14.3.1/../../../../arm-none-eabi/lib/thumb/v7e-m+fp/hard\libc_nano.a(libc_a-lock.o)
                0x0800a94a                __retarget_lock_acquire_recursive
 .text.__retarget_lock_release_recursive
                0x0800a94c        0x2 C:/ST/STM32CubeIDE_2.0.0/STM32CubeIDE/plugins/com.st.stm32cube.ide.mcu.externaltools.gnu-tools-for-stm32.14.3.rel1.win32_1.0.100.202602081740/tools/bin/../lib/gcc/arm-none-eabi/14.3.1/../../../../arm-none-eabi/lib/thumb/v7e-m+fp/hard\libc_nano.a(libc_a-lock.o)
                0x0800a94c                __retarget_lock_release_recursive
 .text.memcpy   0x0800a94e       0x1c C:/ST/STM32CubeIDE_2.0.0/STM32CubeIDE/plugins/com.st.stm32cube.ide.mcu.externaltools.gnu-tools-for-stm32.14.3.rel1.win32_1.0.100.202602081740/tools/bin/../lib/gcc/arm-none-eabi/14.3.1/../../../../arm-none-eabi/lib/thumb/v7e-m+fp/hard\libc_nano.a(libc_a-memcpy-stub.o)
                0x0800a94e                memcpy
 .text.quorem   0x0800a96a      0x110 C:/ST/STM32CubeIDE_2.0.0/STM32CubeIDE/plugins/com.st.stm32cube.ide.mcu.externaltools.gnu-tools-for-stm32.14.3.rel1.win32_1.0.100.202602081740/tools/bin/../lib/gcc/arm-none-eabi/14.3.1/../../../../arm-none-eabi/lib/thumb/v7e-m+fp/hard\libc_nano.a(libc_a-dtoa.o)
 *fill*         0x0800aa7a        0x6 
 .text._dtoa_r  0x0800aa80      0xbb8 C:/ST/STM32CubeIDE_2.0.0/STM32CubeIDE/plugins/com.st.stm32cube.ide.mcu.externaltools.gnu-tools-for-stm32.14.3.rel1.win32_1.0.100.202602081740/tools/bin/../lib/gcc/arm-none-eabi/14.3.1/../../../../arm-none-eabi/lib/thumb/v7e-m+fp/hard\libc_nano.a(libc_a-dtoa.o)
                0x0800aa80                _dtoa_r
 .text._free_r  0x0800b638       0x94 C:/ST/STM32CubeIDE_2.0.0/STM32CubeIDE/plugins/com.st.stm32cube.ide.mcu.externaltools.gnu-tools-for-stm32.14.3.rel1.win32_1.0.100.202602081740/tools/bin/../lib/gcc/arm-none-eabi/14.3.1/../../../../arm-none-eabi/lib/thumb/v7e-m+fp/hard\libc_nano.a(libc_a-freer.o)
                0x0800b638                _free_r
 .text.malloc   0x0800b6cc       0x10 C:/ST/STM32CubeIDE_2.0.0/STM32CubeIDE/plugins/com.st.stm32cube.ide.mcu.externaltools.gnu-tools-for-stm32.14.3.rel1.win32_1.0.100.202602081740/tools/bin/../lib/gcc/arm-none-eabi/14.3.1/../../../../arm-none-eabi/lib/thumb/v7e-m+fp/hard\libc_nano.a(libc_a-malloc.o)
                0x0800b6cc                malloc
 .text.sbrk_aligned
                0x0800b6dc       0x44 C:/ST/STM32CubeIDE_2.0.0/STM32CubeIDE/plugins/com.st.stm32cube.ide.mcu.externaltools.gnu-tools-for-stm32.14.3.rel1.win32_1.0.100.202602081740/tools/bin/../lib/gcc/arm-none-eabi/14.3.1/../../../../arm-none-eabi/lib/thumb/v7e-m+fp/hard\libc_nano.a(libc_a-mallocr.o)
 .text._malloc_r
                0x0800b720      0x100 C:/ST/STM32CubeIDE_2.0.0/STM32CubeIDE/plugins/com.st.stm32cube.ide.mcu.externaltools.gnu-tools-for-stm32.14.3.rel1.win32_1.0.100.202602081740/tools/bin/../lib/gcc/arm-none-eabi/14.3.1/../../../../arm-none-eabi/lib/thumb/v7e-m+fp/hard\libc_nano.a(libc_a-mallocr.o)
                0x0800b720                _malloc_r
 .text.__malloc_lock
                0x0800b820        0xc C:/ST/STM32CubeIDE_2.0.0/STM32CubeIDE/plugins/com.st.stm32cube.ide.mcu.externaltools.gnu-tools-for-stm32.14.3.rel1.win32_1.0.100.202602081740/tools/bin/../lib/gcc/arm-none-eabi/14.3.1/../../../../arm-none-eabi/lib/thumb/v7e-m+fp/hard\libc_nano.a(libc_a-mlock.o)
                0x0800b820                __malloc_lock
 .text.__malloc_unlock
                0x0800b82c        0xc C:/ST/STM32CubeIDE_2.0.0/STM32CubeIDE/plugins/com.st.stm32cube.ide.mcu.externaltools.gnu-tools-for-stm32.14.3.rel1.win32_1.0.100.202602081740/tools/bin/../lib/gcc/arm-none-eabi/14.3.1/../../../../arm-none-eabi/lib/thumb/v7e-m+fp/hard\libc_nano.a(libc_a-mlock.o)
                0x0800b82c                __malloc_unlock
 .text._Balloc  0x0800b838       0x7c C:/ST/STM32CubeIDE_2.0.0/STM32CubeIDE/plugins/com.st.stm32cube.ide.mcu.externaltools.gnu-tools-for-stm32.14.3.rel1.win32_1.0.100.202602081740/tools/bin/../lib/gcc/arm-none-eabi/14.3.1/../../../../arm-none-eabi/lib/thumb/v7e-m+fp/hard\libc_nano.a(libc_a-mprec.o)
                0x0800b838                _Balloc
 .text._Bfree   0x0800b8b4       0x44 C:/ST/STM32CubeIDE_2.0.0/STM32CubeIDE/plugins/com.st.stm32cube.ide.mcu.externaltools.gnu-tools-for-stm32.14.3.rel1.win32_1.0.100.202602081740/tools/bin/../lib/gcc/arm-none-eabi/14.3.1/../../../../arm-none-eabi/lib/thumb/v7e-m+fp/hard\libc_nano.a(libc_a-mprec.o)
                0x0800b8b4                _Bfree
 .text.__multadd
                0x0800b8f8       0x8c C:/ST/STM32CubeIDE_2.0.0/STM32CubeIDE/plugins/com.st.stm32cube.ide.mcu.externaltools.gnu-tools-for-stm32.14.3.rel1.win32_1.0.100.202602081740/tools/bin/../lib/gcc/arm-none-eabi/14.3.1/../../../../arm-none-eabi/lib/thumb/v7e-m+fp/hard\libc_nano.a(libc_a-mprec.o)
                0x0800b8f8                __multadd
 .text.__hi0bits
                0x0800b984       0x3e C:/ST/STM32CubeIDE_2.0.0/STM32CubeIDE/plugins/com.st.stm32cube.ide.mcu.externaltools.gnu-tools-for-stm32.14.3.rel1.win32_1.0.100.202602081740/tools/bin/../lib/gcc/arm-none-eabi/14.3.1/../../../../arm-none-eabi/lib/thumb/v7e-m+fp/hard\libc_nano.a(libc_a-mprec.o)
                0x0800b984                __hi0bits
 .text.__lo0bits
                0x0800b9c2       0x5a C:/ST/STM32CubeIDE_2.0.0/STM32CubeIDE/plugins/com.st.stm32cube.ide.mcu.externaltools.gnu-tools-for-stm32.14.3.rel1.win32_1.0.100.202602081740/tools/bin/../lib/gcc/arm-none-eabi/14.3.1/../../../../arm-none-eabi/lib/thumb/v7e-m+fp/hard\libc_nano.a(libc_a-mprec.o)
                0x0800b9c2                __lo0bits
 .text.__i2b    0x0800ba1c       0x2c C:/ST/STM32CubeIDE_2.0.0/STM32CubeIDE/plugins/com.st.stm32cube.ide.mcu.externaltools.gnu-tools-for-stm32.14.3.rel1.win32_1.0.100.202602081740/tools/bin/../lib/gcc/arm-none-eabi/14.3.1/../../../../arm-none-eabi/lib/thumb/v7e-m+fp/hard\libc_nano.a(libc_a-mprec.o)
                0x0800ba1c                __i2b
 .text.__multiply
                0x0800ba48      0x154 C:/ST/STM32CubeIDE_2.0.0/STM32CubeIDE/plugins/com.st.stm32cube.ide.mcu.externaltools.gnu-tools-for-stm32.14.3.rel1.win32_1.0.100.202602081740/tools/bin/../lib/gcc/arm-none-eabi/14.3.1/../../../../arm-none-eabi/lib/thumb/v7e-m+fp/hard\libc_nano.a(libc_a-mprec.o)
                0x0800ba48                __multiply
 .text.__pow5mult
                0x0800bb9c       0xb8 C:/ST/STM32CubeIDE_2.0.0/STM32CubeIDE/plugins/com.st.stm32cube.ide.mcu.externaltools.gnu-tools-for-stm32.14.3.rel1.win32_1.0.100.202602081740/tools/bin/../lib/gcc/arm-none-eabi/14.3.1/../../../../arm-none-eabi/lib/thumb/v7e-m+fp/hard\libc_nano.a(libc_a-mprec.o)
                0x0800bb9c                __pow5mult
 .text.__lshift
                0x0800bc54       0xdc C:/ST/STM32CubeIDE_2.0.0/STM32CubeIDE/plugins/com.st.stm32cube.ide.mcu.externaltools.gnu-tools-for-stm32.14.3.rel1.win32_1.0.100.202602081740/tools/bin/../lib/gcc/arm-none-eabi/14.3.1/../../../../arm-none-eabi/lib/thumb/v7e-m+fp/hard\libc_nano.a(libc_a-mprec.o)
                0x0800bc54                __lshift
 .text.__mcmp   0x0800bd30       0x36 C:/ST/STM32CubeIDE_2.0.0/STM32CubeIDE/plugins/com.st.stm32cube.ide.mcu.externaltools.gnu-tools-for-stm32.14.3.rel1.win32_1.0.100.202602081740/tools/bin/../lib/gcc/arm-none-eabi/14.3.1/../../../../arm-none-eabi/lib/thumb/v7e-m+fp/hard\libc_nano.a(libc_a-mprec.o)
                0x0800bd30                __mcmp
 *fill*         0x0800bd66        0x2 
 .text.__mdiff  0x0800bd68      0x130 C:/ST/STM32CubeIDE_2.0.0/STM32CubeIDE/plugins/com.st.stm32cube.ide.mcu.externaltools.gnu-tools-for-stm32.14.3.rel1.win32_1.0.100.202602081740/tools/bin/../lib/gcc/arm-none-eabi/14.3.1/../../../../arm-none-eabi/lib/thumb/v7e-m+fp/hard\libc_nano.a(libc_a-mprec.o)
                0x0800bd68                __mdiff
 .text.__d2b    0x0800be98       0xb0 C:/ST/STM32CubeIDE_2.0.0/STM32CubeIDE/plugins/com.st.stm32cube.ide.mcu.externaltools.gnu-tools-for-stm32.14.3.rel1.win32_1.0.100.202602081740/tools/bin/../lib/gcc/arm-none-eabi/14.3.1/../../../../arm-none-eabi/lib/thumb/v7e-m+fp/hard\libc_nano.a(libc_a-mprec.o)
                0x0800be98                __d2b
 .text.__ssputs_r
                0x0800bf48       0xc0 C:/ST/STM32CubeIDE_2.0.0/STM32CubeIDE/plugins/com.st.stm32cube.ide.mcu.externaltools.gnu-tools-for-stm32.14.3.rel1.win32_1.0.100.202602081740/tools/bin/../lib/gcc/arm-none-eabi/14.3.1/../../../../arm-none-eabi/lib/thumb/v7e-m+fp/hard\libc_nano.a(libc_a-nano-svfprintf.o)
                0x0800bf48                __ssputs_r
 .text._svfprintf_r
                0x0800c008      0x1f0 C:/ST/STM32CubeIDE_2.0.0/STM32CubeIDE/plugins/com.st.stm32cube.ide.mcu.externaltools.gnu-tools-for-stm32.14.3.rel1.win32_1.0.100.202602081740/tools/bin/../lib/gcc/arm-none-eabi/14.3.1/../../../../arm-none-eabi/lib/thumb/v7e-m+fp/hard\libc_nano.a(libc_a-nano-svfprintf.o)
                0x0800c008                _svfiprintf_r
                0x0800c008                _svfprintf_r
 .text.__sflush_r
                0x0800c1f8      0x104 C:/ST/STM32CubeIDE_2.0.0/STM32CubeIDE/plugins/com.st.stm32cube.ide.mcu.externaltools.gnu-tools-for-stm32.14.3.rel1.win32_1.0.100.202602081740/tools/bin/../lib/gcc/arm-none-eabi/14.3.1/../../../../arm-none-eabi/lib/thumb/v7e-m+fp/hard\libc_nano.a(libc_a-fflush.o)
                0x0800c1f8                __sflush_r
 .text._fflush_r
                0x0800c2fc       0x50 C:/ST/STM32CubeIDE_2.0.0/STM32CubeIDE/plugins/com.st.stm32cube.ide.mcu.externaltools.gnu-tools-for-stm32.14.3.rel1.win32_1.0.100.202602081740/tools/bin/../lib/gcc/arm-none-eabi/14.3.1/../../../../arm-none-eabi/lib/thumb/v7e-m+fp/hard\libc_nano.a(libc_a-fflush.o)
                0x0800c2fc                _fflush_r
 .text.memmove  0x0800c34c       0x32 C:/ST/STM32CubeIDE_2.0.0/STM32CubeIDE/plugins/com.st.stm32cube.ide.mcu.externaltools.gnu-tools-for-stm32.14.3.rel1.win32_1.0.100.202602081740/tools/bin/../lib/gcc/arm-none-eabi/14.3.1/../../../../arm-none-eabi/lib/thumb/v7e-m+fp/hard\libc_nano.a(libc_a-memmove.o)
                0x0800c34c                memmove
 *fill*         0x0800c37e        0x2 
 .text._sbrk_r  0x0800c380       0x20 C:/ST/STM32CubeIDE_2.0.0/STM32CubeIDE/plugins/com.st.stm32cube.ide.mcu.externaltools.gnu-tools-for-stm32.14.3.rel1.win32_1.0.100.202602081740/tools/bin/../lib/gcc/arm-none-eabi/14.3.1/../../../../arm-none-eabi/lib/thumb/v7e-m+fp/hard\libc_nano.a(libc_a-sbrkr.o)
                0x0800c380                _sbrk_r
 .text.__assert_func
                0x0800c3a0       0x3c C:/ST/STM32CubeIDE_2.0.0/STM32CubeIDE/plugins/com.st.stm32cube.ide.mcu.externaltools.gnu-tools-for-stm32.14.3.rel1.win32_1.0.100.202602081740/tools/bin/../lib/gcc/arm-none-eabi/14.3.1/../../../../arm-none-eabi/lib/thumb/v7e-m+fp/hard\libc_nano.a(libc_a-assert.o)
                0x0800c3a0                __assert_func
 .text._calloc_r
                0x0800c3dc       0x28 C:/ST/STM32CubeIDE_2.0.0/STM32CubeIDE/plugins/com.st.stm32cube.ide.mcu.externaltools.gnu-tools-for-stm32.14.3.rel1.win32_1.0.100.202602081740/tools/bin/../lib/gcc/arm-none-eabi/14.3.1/../../../../arm-none-eabi/lib/thumb/v7e-m+fp/hard\libc_nano.a(libc_a-callocr.o)
                0x0800c3dc                _calloc_r
 .text.__ascii_mbtowc
                0x0800c404       0x24 C:/ST/STM32CubeIDE_2.0.0/STM32CubeIDE/plugins/com.st.stm32cube.ide.mcu.externaltools.gnu-tools-for-stm32.14.3.rel1.win32_1.0.100.202602081740/tools/bin/../lib/gcc/arm-none-eabi/14.3.1/../../../../arm-none-eabi/lib/thumb/v7e-m+fp/hard\libc_nano.a(libc_a-mbtowc_r.o)
                0x0800c404                __ascii_mbtowc
 .text._realloc_r
                0x0800c428       0x5c C:/ST/STM32CubeIDE_2.0.0/STM32CubeIDE/plugins/com.st.stm32cube.ide.mcu.externaltools.gnu-tools-for-stm32.14.3.rel1.win32_1.0.100.202602081740/tools/bin/../lib/gcc/arm-none-eabi/14.3.1/../../../../arm-none-eabi/lib/thumb/v7e-m+fp/hard\libc_nano.a(libc_a-reallocr.o)
                0x0800c428                _realloc_r
 .text.__ascii_wctomb
                0x0800c484       0x1a C:/ST/STM32CubeIDE_2.0.0/STM32CubeIDE/plugins/com.st.stm32cube.ide.mcu.externaltools.gnu-tools-for-stm32.14.3.rel1.win32_1.0.100.202602081740/tools/bin/../lib/gcc/arm-none-eabi/14.3.1/../../../../arm-none-eabi/lib/thumb/v7e-m+fp/hard\libc_nano.a(libc_a-wctomb_r.o)
                0x0800c484                __ascii_wctomb
 *fill*         0x0800c49e        0x2 
 .text.fprintf  0x0800c4a0       0x24 C:/ST/STM32CubeIDE_2.0.0/STM32CubeIDE/plugins/com.st.stm32cube.ide.mcu.externaltools.gnu-tools-for-stm32.14.3.rel1.win32_1.0.100.202602081740/tools/bin/../lib/gcc/arm-none-eabi/14.3.1/../../../../arm-none-eabi/lib/thumb/v7e-m+fp/hard\libc_nano.a(libc_a-fprintf.o)
                0x0800c4a0                fiprintf
                0x0800c4a0                fprintf
 .text.abort    0x0800c4c4        0xe C:/ST/STM32CubeIDE_2.0.0/STM32CubeIDE/plugins/com.st.stm32cube.ide.mcu.externaltools.gnu-tools-for-stm32.14.3.rel1.win32_1.0.100.202602081740/tools/bin/../lib/gcc/arm-none-eabi/14.3.1/../../../../arm-none-eabi/lib/thumb/v7e-m+fp/hard\libc_nano.a(libc_a-abort.o)
                0x0800c4c4                abort
 .text._malloc_usable_size_r
                0x0800c4d2       0x10 C:/ST/STM32CubeIDE_2.0.0/STM32CubeIDE/plugins/com.st.stm32cube.ide.mcu.externaltools.gnu-tools-for-stm32.14.3.rel1.win32_1.0.100.202602081740/tools/bin/../lib/gcc/arm-none-eabi/14.3.1/../../../../arm-none-eabi/lib/thumb/v7e-m+fp/hard\libc_nano.a(libc_a-msizer.o)
                0x0800c4d2                _malloc_usable_size_r
 .text.__sfputc_r
                0x0800c4e2       0x2e C:/ST/STM32CubeIDE_2.0.0/STM32CubeIDE/plugins/com.st.stm32cube.ide.mcu.externaltools.gnu-tools-for-stm32.14.3.rel1.win32_1.0.100.202602081740/tools/bin/../lib/gcc/arm-none-eabi/14.3.1/../../../../arm-none-eabi/lib/thumb/v7e-m+fp/hard\libc_nano.a(libc_a-nano-vfprintf.o)
 .text.__sfputs_r
                0x0800c510       0x24 C:/ST/STM32CubeIDE_2.0.0/STM32CubeIDE/plugins/com.st.stm32cube.ide.mcu.externaltools.gnu-tools-for-stm32.14.3.rel1.win32_1.0.100.202602081740/tools/bin/../lib/gcc/arm-none-eabi/14.3.1/../../../../arm-none-eabi/lib/thumb/v7e-m+fp/hard\libc_nano.a(libc_a-nano-vfprintf.o)
                0x0800c510                __sfputs_r
 .text._vfprintf_r
                0x0800c534      0x228 C:/ST/STM32CubeIDE_2.0.0/STM32CubeIDE/plugins/com.st.stm32cube.ide.mcu.externaltools.gnu-tools-for-stm32.14.3.rel1.win32_1.0.100.202602081740/tools/bin/../lib/gcc/arm-none-eabi/14.3.1/../../../../arm-none-eabi/lib/thumb/v7e-m+fp/hard\libc_nano.a(libc_a-nano-vfprintf.o)
                0x0800c534                _vfprintf_r
                0x0800c534                _vfiprintf_r
 .text.__swbuf_r
                0x0800c75c       0x7c C:/ST/STM32CubeIDE_2.0.0/STM32CubeIDE/plugins/com.st.stm32cube.ide.mcu.externaltools.gnu-tools-for-stm32.14.3.rel1.win32_1.0.100.202602081740/tools/bin/../lib/gcc/arm-none-eabi/14.3.1/../../../../arm-none-eabi/lib/thumb/v7e-m+fp/hard\libc_nano.a(libc_a-wbuf.o)
                0x0800c75c                __swbuf_r
 .text.__swsetup_r
                0x0800c7d8       0xa8 C:/ST/STM32CubeIDE_2.0.0/STM32CubeIDE/plugins/com.st.stm32cube.ide.mcu.externaltools.gnu-tools-for-stm32.14.3.rel1.win32_1.0.100.202602081740/tools/bin/../lib/gcc/arm-none-eabi/14.3.1/../../../../arm-none-eabi/lib/thumb/v7e-m+fp/hard\libc_nano.a(libc_a-wsetup.o)
                0x0800c7d8                __swsetup_r
 .text._raise_r
                0x0800c880       0x50 C:/ST/STM32CubeIDE_2.0.0/STM32CubeIDE/plugins/com.st.stm32cube.ide.mcu.externaltools.gnu-tools-for-stm32.14.3.rel1.win32_1.0.100.202602081740/tools/bin/../lib/gcc/arm-none-eabi/14.3.1/../../../../arm-none-eabi/lib/thumb/v7e-m+fp/hard\libc_nano.a(libc_a-signal.o)
                0x0800c880                _raise_r
 .text.raise    0x0800c8d0       0x10 C:/ST/STM32CubeIDE_2.0.0/STM32CubeIDE/plugins/com.st.stm32cube.ide.mcu.externaltools.gnu-tools-for-stm32.14.3.rel1.win32_1.0.100.202602081740/tools/bin/../lib/gcc/arm-none-eabi/14.3.1/../../../../arm-none-eabi/lib/thumb/v7e-m+fp/hard\libc_nano.a(libc_a-signal.o)
                0x0800c8d0                raise
 .text._kill_r  0x0800c8e0       0x24 C:/ST/STM32CubeIDE_2.0.0/STM32CubeIDE/plugins/com.st.stm32cube.ide.mcu.externaltools.gnu-tools-for-stm32.14.3.rel1.win32_1.0.100.202602081740/tools/bin/../lib/gcc/arm-none-eabi/14.3.1/../../../../arm-none-eabi/lib/thumb/v7e-m+fp/hard\libc_nano.a(libc_a-signalr.o)
                0x0800c8e0                _kill_r
 .text._getpid_r
                0x0800c904        0x4 C:/ST/STM32CubeIDE_2.0.0/STM32CubeIDE/plugins/com.st.stm32cube.ide.mcu.externaltools.gnu-tools-for-stm32.14.3.rel1.win32_1.0.100.202602081740/tools/bin/../lib/gcc/arm-none-eabi/14.3.1/../../../../arm-none-eabi/lib/thumb/v7e-m+fp/hard\libc_nano.a(libc_a-signalr.o)
                0x0800c904                _getpid_r
 .text.__swhatbuf_r
                0x0800c908       0x48 C:/ST/STM32CubeIDE_2.0.0/STM32CubeIDE/plugins/com.st.stm32cube.ide.mcu.externaltools.gnu-tools-for-stm32.14.3.rel1.win32_1.0.100.202602081740/tools/bin/../lib/gcc/arm-none-eabi/14.3.1/../../../../arm-none-eabi/lib/thumb/v7e-m+fp/hard\libc_nano.a(libc_a-makebuf.o)
                0x0800c908                __swhatbuf_r
 .text.__smakebuf_r
                0x0800c950       0x72 C:/ST/STM32CubeIDE_2.0.0/STM32CubeIDE/plugins/com.st.stm32cube.ide.mcu.externaltools.gnu-tools-for-stm32.14.3.rel1.win32_1.0.100.202602081740/tools/bin/../lib/gcc/arm-none-eabi/14.3.1/../../../../arm-none-eabi/lib/thumb/v7e-m+fp/hard\libc_nano.a(libc_a-makebuf.o)
                0x0800c950                __smakebuf_r
 *fill*         0x0800c9c2        0x2 
 .text._fstat_r
                0x0800c9c4       0x24 C:/ST/STM32CubeIDE_2.0.0/STM32CubeIDE/plugins/com.st.stm32cube.ide.mcu.externaltools.gnu-tools-for-stm32.14.3.rel1.win32_1.0.100.202602081740/tools/bin/../lib/gcc/arm-none-eabi/14.3.1/../../../../arm-none-eabi/lib/thumb/v7e-m+fp/hard\libc_nano.a(libc_a-fstatr.o)
                0x0800c9c4                _fstat_r
 .text._isatty_r
                0x0800c9e8       0x20 C:/ST/STM32CubeIDE_2.0.0/STM32CubeIDE/plugins/com.st.stm32cube.ide.mcu.externaltools.gnu-tools-for-stm32.14.3.rel1.win32_1.0.100.202602081740/tools/bin/../lib/gcc/arm-none-eabi/14.3.1/../../../../arm-none-eabi/lib/thumb/v7e-m+fp/hard\libc_nano.a(libc_a-isattyr.o)
                0x0800c9e8                _isatty_r
 *(.glue_7)
 .glue_7        0x0800ca08        0x0 linker stubs
 *(.glue_7t)
 .glue_7t       0x0800ca08        0x0 linker stubs
 *(.eh_frame)
 .eh_frame      0x0800ca08        0x0 C:/ST/STM32CubeIDE_2.0.0/STM32CubeIDE/plugins/com.st.stm32cube.ide.mcu.externaltools.gnu-tools-for-stm32.14.3.rel1.win32_1.0.100.202602081740/tools/bin/../lib/gcc/arm-none-eabi/14.3.1/thumb/v7e-m+fp/hard/crtbegin.o
 *(.init)
 .init          0x0800ca08        0x4 C:/ST/STM32CubeIDE_2.0.0/STM32CubeIDE/plugins/com.st.stm32cube.ide.mcu.externaltools.gnu-tools-for-stm32.14.3.rel1.win32_1.0.100.202602081740/tools/bin/../lib/gcc/arm-none-eabi/14.3.1/thumb/v7e-m+fp/hard/crti.o
                0x0800ca08                _init
 .init          0x0800ca0c        0x8 C:/ST/STM32CubeIDE_2.0.0/STM32CubeIDE/plugins/com.st.stm32cube.ide.mcu.externaltools.gnu-tools-for-stm32.14.3.rel1.win32_1.0.100.202602081740/tools/bin/../lib/gcc/arm-none-eabi/14.3.1/thumb/v7e-m+fp/hard/crtn.o
 *(.fini)
 .fini          0x0800ca14        0x4 C:/ST/STM32CubeIDE_2.0.0/STM32CubeIDE/plugins/com.st.stm32cube.ide.mcu.externaltools.gnu-tools-for-stm32.14.3.rel1.win32_1.0.100.202602081740/tools/bin/../lib/gcc/arm-none-eabi/14.3.1/thumb/v7e-m+fp/hard/crti.o
                0x0800ca14                _fini
 .fini          0x0800ca18        0x8 C:/ST/STM32CubeIDE_2.0.0/STM32CubeIDE/plugins/com.st.stm32cube.ide.mcu.externaltools.gnu-tools-for-stm32.14.3.rel1.win32_1.0.100.202602081740/tools/bin/../lib/gcc/arm-none-eabi/14.3.1/thumb/v7e-m+fp/hard/crtn.o
                0x0800ca20                        . = ALIGN (0x4)
                0x0800ca20                        _etext = .

.vfp11_veneer   0x0800ca20        0x0
 .vfp11_veneer  0x0800ca20        0x0 linker stubs

.v4_bx          0x0800ca20        0x0
 .v4_bx         0x0800ca20        0x0 linker stubs

.iplt           0x0800ca20        0x0
 .iplt          0x0800ca20        0x0 C:/ST/STM32CubeIDE_2.0.0/STM32CubeIDE/plugins/com.st.stm32cube.ide.mcu.externaltools.gnu-tools-for-stm32.14.3.rel1.win32_1.0.100.202602081740/tools/bin/../lib/gcc/arm-none-eabi/14.3.1/thumb/v7e-m+fp/hard/crtbegin.o

.rodata         0x0800ca20      0xc54
                0x0800ca20                        . = ALIGN (0x4)
 *(.rodata)
 .rodata        0x0800ca20       0x9d ./Core/Src/main.o
 *fill*         0x0800cabd        0x3 
 .rodata        0x0800cac0        0x5 ./Middlewares/Third_Party/FreeRTOS/Source/tasks.o
 *fill*         0x0800cac5        0x3 
 .rodata        0x0800cac8        0xd ./Middlewares/Third_Party/FreeRTOS/Source/timers.o
 *(.rodata*)
 *fill*         0x0800cad5        0x3 
 .rodata.defaultTask_attributes
                0x0800cad8       0x24 ./Core/Src/main.o
                0x0800cad8                defaultTask_attributes
 .rodata.DataTask_attributes
                0x0800cafc       0x24 ./Core/Src/main.o
                0x0800cafc                DataTask_attributes
 .rodata.CommTask_attributes
                0x0800cb20       0x24 ./Core/Src/main.o
                0x0800cb20                CommTask_attributes
 .rodata.SensorDataQueue_attributes
                0x0800cb44       0x18 ./Core/Src/main.o
                0x0800cb44                SensorDataQueue_attributes
 .rodata.i2cMutex_attributes
                0x0800cb5c       0x10 ./Core/Src/main.o
                0x0800cb5c                i2cMutex_attributes
 .rodata.Font7x10
                0x0800cb6c      0x76c ./Core/Src/ssd1306_fonts.o
 .rodata.Font_7x10
                0x0800d2d8        0xc ./Core/Src/ssd1306_fonts.o
                0x0800d2d8                Font_7x10
 .rodata.AHBPrescTable
                0x0800d2e4       0x10 ./Core/Src/system_stm32f4xx.o
                0x0800d2e4                AHBPrescTable
 .rodata.APBPrescTable
                0x0800d2f4        0x8 ./Core/Src/system_stm32f4xx.o
                0x0800d2f4                APBPrescTable
 .rodata._printf_float.str1.1
                0x0800d2fc      0x171 C:/ST/STM32CubeIDE_2.0.0/STM32CubeIDE/plugins/com.st.stm32cube.ide.mcu.externaltools.gnu-tools-for-stm32.14.3.rel1.win32_1.0.100.202602081740/tools/bin/../lib/gcc/arm-none-eabi/14.3.1/../../../../arm-none-eabi/lib/thumb/v7e-m+fp/hard\libc_nano.a(libc_a-nano-vfprintf_float.o)
                                 0x12 (size before relaxing)
 .rodata._printf_i.str1.1
                0x0800d46d       0x22 C:/ST/STM32CubeIDE_2.0.0/STM32CubeIDE/plugins/com.st.stm32cube.ide.mcu.externaltools.gnu-tools-for-stm32.14.3.rel1.win32_1.0.100.202602081740/tools/bin/../lib/gcc/arm-none-eabi/14.3.1/../../../../arm-none-eabi/lib/thumb/v7e-m+fp/hard\libc_nano.a(libc_a-nano-vfprintf_i.o)
 .rodata._dtoa_r.str1.1
                0x0800d46d       0x8f C:/ST/STM32CubeIDE_2.0.0/STM32CubeIDE/plugins/com.st.stm32cube.ide.mcu.externaltools.gnu-tools-for-stm32.14.3.rel1.win32_1.0.100.202602081740/tools/bin/../lib/gcc/arm-none-eabi/14.3.1/../../../../arm-none-eabi/lib/thumb/v7e-m+fp/hard\libc_nano.a(libc_a-dtoa.o)
 .rodata._Balloc.str1.1
                0x0800d46d       0x70 C:/ST/STM32CubeIDE_2.0.0/STM32CubeIDE/plugins/com.st.stm32cube.ide.mcu.externaltools.gnu-tools-for-stm32.14.3.rel1.win32_1.0.100.202602081740/tools/bin/../lib/gcc/arm-none-eabi/14.3.1/../../../../arm-none-eabi/lib/thumb/v7e-m+fp/hard\libc_nano.a(libc_a-mprec.o)
 .rodata.__multadd.str1.1
                0x0800d46d       0x11 C:/ST/STM32CubeIDE_2.0.0/STM32CubeIDE/plugins/com.st.stm32cube.ide.mcu.externaltools.gnu-tools-for-stm32.14.3.rel1.win32_1.0.100.202602081740/tools/bin/../lib/gcc/arm-none-eabi/14.3.1/../../../../arm-none-eabi/lib/thumb/v7e-m+fp/hard\libc_nano.a(libc_a-mprec.o)
 *fill*         0x0800d46d        0x3 
 .rodata.p05.0  0x0800d470        0xc C:/ST/STM32CubeIDE_2.0.0/STM32CubeIDE/plugins/com.st.stm32cube.ide.mcu.externaltools.gnu-tools-for-stm32.14.3.rel1.win32_1.0.100.202602081740/tools/bin/../lib/gcc/arm-none-eabi/14.3.1/../../../../arm-none-eabi/lib/thumb/v7e-m+fp/hard\libc_nano.a(libc_a-mprec.o)
 *fill*         0x0800d47c        0x4 
 .rodata.__mprec_bigtens
                0x0800d480       0x28 C:/ST/STM32CubeIDE_2.0.0/STM32CubeIDE/plugins/com.st.stm32cube.ide.mcu.externaltools.gnu-tools-for-stm32.14.3.rel1.win32_1.0.100.202602081740/tools/bin/../lib/gcc/arm-none-eabi/14.3.1/../../../../arm-none-eabi/lib/thumb/v7e-m+fp/hard\libc_nano.a(libc_a-mprec.o)
                0x0800d480                __mprec_bigtens
 .rodata.__mprec_tens
                0x0800d4a8       0xc8 C:/ST/STM32CubeIDE_2.0.0/STM32CubeIDE/plugins/com.st.stm32cube.ide.mcu.externaltools.gnu-tools-for-stm32.14.3.rel1.win32_1.0.100.202602081740/tools/bin/../lib/gcc/arm-none-eabi/14.3.1/../../../../arm-none-eabi/lib/thumb/v7e-m+fp/hard\libc_nano.a(libc_a-mprec.o)
                0x0800d4a8                __mprec_tens
 .rodata._svfprintf_r.str1.1
                0x0800d570       0x11 C:/ST/STM32CubeIDE_2.0.0/STM32CubeIDE/plugins/com.st.stm32cube.ide.mcu.externaltools.gnu-tools-for-stm32.14.3.rel1.win32_1.0.100.202602081740/tools/bin/../lib/gcc/arm-none-eabi/14.3.1/../../../../arm-none-eabi/lib/thumb/v7e-m+fp/hard\libc_nano.a(libc_a-nano-svfprintf.o)
 .rodata._setlocale_r.str1.1
                0x0800d570        0x9 C:/ST/STM32CubeIDE_2.0.0/STM32CubeIDE/plugins/com.st.stm32cube.ide.mcu.externaltools.gnu-tools-for-stm32.14.3.rel1.win32_1.0.100.202602081740/tools/bin/../lib/gcc/arm-none-eabi/14.3.1/../../../../arm-none-eabi/lib/thumb/v7e-m+fp/hard\libc_nano.a(libc_a-locale.o)
 .rodata.str1.1
                0x0800d570        0x2 C:/ST/STM32CubeIDE_2.0.0/STM32CubeIDE/plugins/com.st.stm32cube.ide.mcu.externaltools.gnu-tools-for-stm32.14.3.rel1.win32_1.0.100.202602081740/tools/bin/../lib/gcc/arm-none-eabi/14.3.1/../../../../arm-none-eabi/lib/thumb/v7e-m+fp/hard\libc_nano.a(libc_a-locale.o)
 .rodata.__assert_func.str1.1
                0x0800d570       0x3d C:/ST/STM32CubeIDE_2.0.0/STM32CubeIDE/plugins/com.st.stm32cube.ide.mcu.externaltools.gnu-tools-for-stm32.14.3.rel1.win32_1.0.100.202602081740/tools/bin/../lib/gcc/arm-none-eabi/14.3.1/../../../../arm-none-eabi/lib/thumb/v7e-m+fp/hard\libc_nano.a(libc_a-assert.o)
 .rodata._ctype_
                0x0800d570      0x101 C:/ST/STM32CubeIDE_2.0.0/STM32CubeIDE/plugins/com.st.stm32cube.ide.mcu.externaltools.gnu-tools-for-stm32.14.3.rel1.win32_1.0.100.202602081740/tools/bin/../lib/gcc/arm-none-eabi/14.3.1/../../../../arm-none-eabi/lib/thumb/v7e-m+fp/hard\libc_nano.a(libc_a-ctype_.o)
                0x0800d570                _ctype_
 .rodata._vfprintf_r.str1.1
                0x0800d671       0x11 C:/ST/STM32CubeIDE_2.0.0/STM32CubeIDE/plugins/com.st.stm32cube.ide.mcu.externaltools.gnu-tools-for-stm32.14.3.rel1.win32_1.0.100.202602081740/tools/bin/../lib/gcc/arm-none-eabi/14.3.1/../../../../arm-none-eabi/lib/thumb/v7e-m+fp/hard\libc_nano.a(libc_a-nano-vfprintf.o)
                0x0800d684                        . = ALIGN (0x4)
 *fill*         0x0800d671        0x3 

.ARM.extab      0x0800d674        0x0
                0x0800d674                        . = ALIGN (0x4)
 *(.ARM.extab* .gnu.linkonce.armextab.*)
                0x0800d674                        . = ALIGN (0x4)

.ARM            0x0800d674        0x8
                0x0800d674                        . = ALIGN (0x4)
                0x0800d674                        __exidx_start = .
 *(.ARM.exidx*)
 .ARM.exidx     0x0800d674        0x8 C:/ST/STM32CubeIDE_2.0.0/STM32CubeIDE/plugins/com.st.stm32cube.ide.mcu.externaltools.gnu-tools-for-stm32.14.3.rel1.win32_1.0.100.202602081740/tools/bin/../lib/gcc/arm-none-eabi/14.3.1/../../../../arm-none-eabi/lib/thumb/v7e-m+fp/hard\libc_nano.a(libc_a-memchr.o)
 .ARM.exidx     0x0800d67c        0x0 C:/ST/STM32CubeIDE_2.0.0/STM32CubeIDE/plugins/com.st.stm32cube.ide.mcu.externaltools.gnu-tools-for-stm32.14.3.rel1.win32_1.0.100.202602081740/tools/bin/../lib/gcc/arm-none-eabi/14.3.1/../../../../arm-none-eabi/lib/thumb/v7e-m+fp/hard\libc_nano.a(libc_a-strlen.o)
                                  0x8 (size before relaxing)
 .ARM.exidx     0x0800d67c        0x0 C:/ST/STM32CubeIDE_2.0.0/STM32CubeIDE/plugins/com.st.stm32cube.ide.mcu.externaltools.gnu-tools-for-stm32.14.3.rel1.win32_1.0.100.202602081740/tools/bin/../lib/gcc/arm-none-eabi/14.3.1/thumb/v7e-m+fp/hard\libgcc.a(_udivmoddi4.o)
                                  0x8 (size before relaxing)
                0x0800d67c                        __exidx_end = .
                0x0800d67c                        . = ALIGN (0x4)

.preinit_array  0x0800d67c        0x0
                0x0800d67c                        . = ALIGN (0x4)
                0x0800d67c                        PROVIDE (__preinit_array_start = .)
 *(.preinit_array*)
                0x0800d67c                        PROVIDE (__preinit_array_end = .)
                0x0800d67c                        . = ALIGN (0x4)

.init_array     0x0800d67c        0x4
                0x0800d67c                        . = ALIGN (0x4)
                0x0800d67c                        PROVIDE (__init_array_start = .)
 *(SORT_BY_NAME(.init_array.*))
 *(.init_array*)
 .init_array    0x0800d67c        0x4 C:/ST/STM32CubeIDE_2.0.0/STM32CubeIDE/plugins/com.st.stm32cube.ide.mcu.externaltools.gnu-tools-for-stm32.14.3.rel1.win32_1.0.100.202602081740/tools/bin/../lib/gcc/arm-none-eabi/14.3.1/thumb/v7e-m+fp/hard/crtbegin.o
                0x0800d680                        PROVIDE (__init_array_end = .)
                0x0800d680                        . = ALIGN (0x4)

.fini_array     0x0800d680        0x4
                0x0800d680                        . = ALIGN (0x4)
                [!provide]                        PROVIDE (__fini_array_start = .)
 *(SORT_BY_NAME(.fini_array.*))
 *(.fini_array*)
 .fini_array    0x0800d680        0x4 C:/ST/STM32CubeIDE_2.0.0/STM32CubeIDE/plugins/com.st.stm32cube.ide.mcu.externaltools.gnu-tools-for-stm32.14.3.rel1.win32_1.0.100.202602081740/tools/bin/../lib/gcc/arm-none-eabi/14.3.1/thumb/v7e-m+fp/hard/crtbegin.o
                [!provide]                        PROVIDE (__fini_array_end = .)
                0x0800d684                        . = ALIGN (0x4)
                0x0800d684                        _sidata = LOADADDR (.data)

.rel.dyn        0x0800d684        0x0
 .rel.iplt      0x0800d684        0x0 C:/ST/STM32CubeIDE_2.0.0/STM32CubeIDE/plugins/com.st.stm32cube.ide.mcu.externaltools.gnu-tools-for-stm32.14.3.rel1.win32_1.0.100.202602081740/tools/bin/../lib/gcc/arm-none-eabi/14.3.1/thumb/v7e-m+fp/hard/crtbegin.o

.data           0x20000000      0x1d8 load address 0x0800d684
                0x20000000                        . = ALIGN (0x4)
                0x20000000                        _sdata = .
 *(.data)
 *(.data*)
 .data.SystemCoreClock
                0x20000000        0x4 ./Core/Src/system_stm32f4xx.o