../Core/Src/main.c:126:5:main	8	static
../Core/Src/main.c:230:6:SystemClock_Config	88	static
../Core/Src/main.c:285:13:MX_I2C1_Init	8	static
../Core/Src/main.c:319:13:MX_USART2_UART_Init	8	static
../Core/Src/main.c:352:13:MX_GPIO_Init	48	static
../Core/Src/main.c:396:6:StartDefaultTask	16	static
../Core/Src/main.c:414:6:StartDataTask	56	static
../Core/Src/main.c:448:6:StartDisplayTask	16	static
../Core/Src/main.c:466:6:StartCommTask	72	static
../Core/Src/main.c:510:6:HAL_TIM_PeriodElapsedCallback	16	static
../Core/Src/main.c:528:6:Error_Handler	4	static,ignoring_inline_asm
